{
  "matchInfo": [
    {
      "statVar": "Count_Person_Female",
      "statVarName": "Population: Female",
      "score": 0.2702648
    },
    {
      "statVar": "Count_Death_Female_AsAFractionOf_Count_Person_Female",
      "statVarName": "Count of Mortality Event: Female (As Fraction of Count Person Female)",
      "score": 0.23261234
    },
    {
      "statVar": "Count_Person_Female_Widowed",
      "statVarName": "Population: Female, Widowed",
      "score": 0.21559675
    },
    {
      "statVar": "Count_Person_Workers_Female",
      "statVarName": "Population: Female, Worker",
      "score": 0.21559675
    },
    {
      "statVar": "Count_Person_Female_Divorced",
      "statVarName": "Population: Female, Divorced",
      "score": 0.21559675
    },
    {
      "statVar": "Count_Person_Literate_Female",
      "statVarName": "Population: Female, Literate",
      "score": 0.21559675
    },
    {
      "statVar": "Count_Person_Female_Separated",
      "statVarName": "Population: Female, Separated",
      "score": 0.21559675
    },
    {
      "statVar": "Count_Person_Houseless_Female",
      "statVarName": "Population: Female, Houseless",
      "score": 0.21559675
    },
    {
      "statVar": "Count_Person_Illiterate_Female",
      "statVarName": "Population: Female, Illiterate",
      "score": 0.21559675
    },
    {
      "statVar": "Count_Person_Female_WithEarnings",
      "statVarName": "Population: Female, With Earnings",
      "score": 0.21559675
    },
    {
      "statVar": "Count_Person_WithDisability_Female",
      "statVarName": "Population: With Disability, Female",
      "score": 0.21559675
    },
    {
      "statVar": "Count_Person_18OrMoreYears_Civilian_Female",
      "statVarName": "Population: Civilian, Female",
      "score": 0.21559675
    },
    {
      "statVar": "Count_Death_Female_AgeAdjusted_AsAFractionOf_Count_Person_Female",
      "statVarName": "Count of Mortality Event (Age Adjusted): Female (As Fraction of Count Person Female)",
      "score": 0.20928957
    },
    {
      "statVar": "dc/9bwh94d7xpj75",
      "statVarName": "Population: Female, 100,000 USD or More",
      "score": 0.20641816
    },
    {
      "statVar": "Count_Person_0Years_Female",
      "statVarName": "Population: Years 0, Female",
      "score": 0.20641816
    },
    {
      "statVar": "Count_Person_1Years_Female",
      "statVarName": "Population: Years 1, Female",
      "score": 0.20641816
    },
    {
      "statVar": "Count_Person_2Years_Female",
      "statVarName": "Population: Years 2, Female",
      "score": 0.20641816
    },
    {
      "statVar": "Count_Person_3Years_Female",
      "statVarName": "Population: Years 3, Female",
      "score": 0.20641816
    },
    {
      "statVar": "Count_Person_4Years_Female",
      "statVarName": "Population: Years 4, Female",
      "score": 0.20641816
    },
    {
      "statVar": "Count_Person_5Years_Female",
      "statVarName": "Population: Years 5, Female",
      "score": 0.20641816
    },
    {
      "statVar": "Count_Person_6Years_Female",
      "statVarName": "Population: Years 6, Female",
      "score": 0.20641816
    },
    {
      "statVar": "Count_Person_7Years_Female",
      "statVarName": "Population: Years 7, Female",
      "score": 0.20641816
    },
    {
      "statVar": "Count_Person_10Years_Female",
      "statVarName": "Population: Years 10, Female",
      "score": 0.20641816
    },
    {
      "statVar": "Count_Person_11Years_Female",
      "statVarName": "Population: Years 11, Female",
      "score": 0.20641816
    },
    {
      "statVar": "Count_Person_12Years_Female",
      "statVarName": "Population: Years 12, Female",
      "score": 0.20641816
    },
    {
      "statVar": "Count_Person_13Years_Female",
      "statVarName": "Population: Years 13, Female",
      "score": 0.20641816
    },
    {
      "statVar": "Count_Person_14Years_Female",
      "statVarName": "Population: Years 14, Female",
      "score": 0.20641816
    },
    {
      "statVar": "Count_Person_15Years_Female",
      "statVarName": "Population: Years 15, Female",
      "score": 0.20641816
    },
    {
      "statVar": "Count_Person_16Years_Female",
      "statVarName": "Population: Years 16, Female",
      "score": 0.20641816
    },
    {
      "statVar": "Count_Person_17Years_Female",
      "statVarName": "Population: Years 17, Female",
      "score": 0.20641816
    },
    {
      "statVar": "Count_Person_18Years_Female",
      "statVarName": "Population: Years 18, Female",
      "score": 0.20641816
    },
    {
      "statVar": "Count_Person_19Years_Female",
      "statVarName": "Population: Years 19, Female",
      "score": 0.20641816
    },
    {
      "statVar": "Count_Person_20Years_Female",
      "statVarName": "Population: Years 20, Female",
      "score": 0.20641816
    },
    {
      "statVar": "Count_Person_21Years_Female",
      "statVarName": "Population: Years 21, Female",
      "score": 0.20641816
    },
    {
      "statVar": "Count_Person_22Years_Female",
      "statVarName": "Population: Years 22, Female",
      "score": 0.20641816
    },
    {
      "statVar": "Count_Person_23Years_Female",
      "statVarName": "Population: Years 23, Female",
      "score": 0.20641816
    },
    {
      "statVar": "Count_Person_24Years_Female",
      "statVarName": "Population: Years 24, Female",
      "score": 0.20641816
    },
    {
      "statVar": "Count_Person_25Years_Female",
      "statVarName": "Population: Years 25, Female",
      "score": 0.20641816
    },
    {
      "statVar": "Count_Person_26Years_Female",
      "statVarName": "Population: Years 26, Female",
      "score": 0.20641816
    },
    {
      "statVar": "Count_Person_27Years_Female",
      "statVarName": "Population: Years 27, Female",
      "score": 0.20641816
    },
    {
      "statVar": "Count_Person_28Years_Female",
      "statVarName": "Population: Years 28, Female",
      "score": 0.20641816
    },
    {
      "statVar": "Count_Person_29Years_Female",
      "statVarName": "Population: Years 29, Female",
      "score": 0.20641816
    },
    {
      "statVar": "Count_Person_30Years_Female",
      "statVarName": "Population: Years 30, Female",
      "score": 0.20641816
    },
    {
      "statVar": "Count_Person_31Years_Female",
      "statVarName": "Population: Years 31, Female",
      "score": 0.20641816
    },
    {
      "statVar": "Count_Person_32Years_Female",
      "statVarName": "Population: Years 32, Female",
      "score": 0.20641816
    },
    {
      "statVar": "Count_Person_33Years_Female",
      "statVarName": "Population: Years 33, Female",
      "score": 0.20641816
    },
    {
      "statVar": "Count_Person_34Years_Female",
      "statVarName": "Population: Years 34, Female",
      "score": 0.20641816
    },
    {
      "statVar": "Count_Person_35Years_Female",
      "statVarName": "Population: Years 35, Female",
      "score": 0.20641816
    },
    {
      "statVar": "Count_Person_36Years_Female",
      "statVarName": "Population: Years 36, Female",
      "score": 0.20641816
    },
    {
      "statVar": "Count_Person_37Years_Female",
      "statVarName": "Population: Years 37, Female",
      "score": 0.20641816
    },
    {
      "statVar": "Count_Person_38Years_Female",
      "statVarName": "Population: Years 38, Female",
      "score": 0.20641816
    },
    {
      "statVar": "Count_Person_39Years_Female",
      "statVarName": "Population: Years 39, Female",
      "score": 0.20641816
    },
    {
      "statVar": "Count_Person_40Years_Female",
      "statVarName": "Population: Years 40, Female",
      "score": 0.20641816
    },
    {
      "statVar": "Count_Person_41Years_Female",
      "statVarName": "Population: Years 41, Female",
      "score": 0.20641816
    },
    {
      "statVar": "Count_Person_42Years_Female",
      "statVarName": "Population: Years 42, Female",
      "score": 0.20641816
    },
    {
      "statVar": "Count_Person_43Years_Female",
      "statVarName": "Population: Years 43, Female",
      "score": 0.20641816
    },
    {
      "statVar": "Count_Person_44Years_Female",
      "statVarName": "Population: Years 44, Female",
      "score": 0.20641816
    },
    {
      "statVar": "Count_Person_45Years_Female",
      "statVarName": "Population: Years 45, Female",
      "score": 0.20641816
    },
    {
      "statVar": "Count_Person_46Years_Female",
      "statVarName": "Population: Years 46, Female",
      "score": 0.20641816
    },
    {
      "statVar": "Count_Person_47Years_Female",
      "statVarName": "Population: Years 47, Female",
      "score": 0.20641816
    },
    {
      "statVar": "Count_Person_48Years_Female",
      "statVarName": "Population: Years 48, Female",
      "score": 0.20641816
    },
    {
      "statVar": "Count_Person_49Years_Female",
      "statVarName": "Population: Years 49, Female",
      "score": 0.20641816
    },
    {
      "statVar": "Count_Person_50Years_Female",
      "statVarName": "Population: Years 50, Female",
      "score": 0.20641816
    },
    {
      "statVar": "Count_Person_51Years_Female",
      "statVarName": "Population: Years 51, Female",
      "score": 0.20641816
    },
    {
      "statVar": "Count_Person_52Years_Female",
      "statVarName": "Population: Years 52, Female",
      "score": 0.20641816
    },
    {
      "statVar": "Count_Person_53Years_Female",
      "statVarName": "Population: Years 53, Female",
      "score": 0.20641816
    },
    {
      "statVar": "Count_Person_54Years_Female",
      "statVarName": "Population: Years 54, Female",
      "score": 0.20641816
    },
    {
      "statVar": "Count_Person_55Years_Female",
      "statVarName": "Population: Years 55, Female",
      "score": 0.20641816
    },
    {
      "statVar": "Count_Person_56Years_Female",
      "statVarName": "Population: Years 56, Female",
      "score": 0.20641816
    },
    {
      "statVar": "Count_Person_57Years_Female",
      "statVarName": "Population: Years 57, Female",
      "score": 0.20641816
    },
    {
      "statVar": "Count_Person_58Years_Female",
      "statVarName": "Population: Years 58, Female",
      "score": 0.20641816
    },
    {
      "statVar": "Count_Person_59Years_Female",
      "statVarName": "Population: Years 59, Female",
      "score": 0.20641816
    },
    {
      "statVar": "Count_Person_60Years_Female",
      "statVarName": "Population: Years 60, Female",
      "score": 0.20641816
    },
    {
      "statVar": "Count_Person_61Years_Female",
      "statVarName": "Population: Years 61, Female",
      "score": 0.20641816
    },
    {
      "statVar": "Count_Person_62Years_Female",
      "statVarName": "Population: Years 62, Female",
      "score": 0.20641816
    },
    {
      "statVar": "Count_Person_63Years_Female",
      "statVarName": "Population: Years 63, Female",
      "score": 0.20641816
    },
    {
      "statVar": "Count_Person_64Years_Female",
      "statVarName": "Population: Years 64, Female",
      "score": 0.20641816
    },
    {
      "statVar": "Count_Person_65Years_Female",
      "statVarName": "Population: Years 65, Female",
      "score": 0.20641816
    },
    {
      "statVar": "Count_Person_66Years_Female",
      "statVarName": "Population: Years 66, Female",
      "score": 0.20641816
    },
    {
      "statVar": "Count_Person_67Years_Female",
      "statVarName": "Population: Years 67, Female",
      "score": 0.20641816
    },
    {
      "statVar": "Count_Person_68Years_Female",
      "statVarName": "Population: Years 68, Female",
      "score": 0.20641816
    },
    {
      "statVar": "Count_Person_69Years_Female",
      "statVarName": "Population: Years 69, Female",
      "score": 0.20641816
    },
    {
      "statVar": "Count_Person_70Years_Female",
      "statVarName": "Population: Years 70, Female",
      "score": 0.20641816
    },
    {
      "statVar": "Count_Person_71Years_Female",
      "statVarName": "Population: Years 71, Female",
      "score": 0.20641816
    },
    {
      "statVar": "Count_Person_72Years_Female",
      "statVarName": "Population: Years 72, Female",
      "score": 0.20641816
    },
    {
      "statVar": "Count_Person_73Years_Female",
      "statVarName": "Population: Years 73, Female",
      "score": 0.20641816
    },
    {
      "statVar": "Count_Person_74Years_Female",
      "statVarName": "Population: Years 74, Female",
      "score": 0.20641816
    },
    {
      "statVar": "Count_Person_75Years_Female",
      "statVarName": "Population: Years 75, Female",
      "score": 0.20641816
    },
    {
      "statVar": "Count_Person_76Years_Female",
      "statVarName": "Population: Years 76, Female",
      "score": 0.20641816
    },
    {
      "statVar": "Count_Person_77Years_Female",
      "statVarName": "Population: Years 77, Female",
      "score": 0.20641816
    },
    {
      "statVar": "Count_Person_78Years_Female",
      "statVarName": "Population: Years 78, Female",
      "score": 0.20641816
    },
    {
      "statVar": "Count_Person_79Years_Female",
      "statVarName": "Population: Years 79, Female",
      "score": 0.20641816
    },
    {
      "statVar": "Count_Person_1OrMoreYears_Female",
      "statVarName": "Population: 1 Years or More, Female",
      "score": 0.20641816
    },
    {
      "statVar": "Count_Person_3OrMoreYears_Female",
      "statVarName": "Population: 3 Years or More, Female",
      "score": 0.20641816
    },
    {
      "statVar": "Count_Person_15OrMoreYears_Female",
      "statVarName": "Population: 15 Years or More, Female",
      "score": 0.20641816
    },
    {
      "statVar": "Count_Person_16OrMoreYears_Female",
      "statVarName": "Population: 16 Years or More, Female",
      "score": 0.20641816
    },
    {
      "statVar": "Count_Person_18OrMoreYears_Female",
      "statVarName": "Population: 18 Years or More, Female",
      "score": 0.20641816
    },
    {
      "statVar": "Count_Person_25OrMoreYears_Female",
      "statVarName": "Population: 25 Years or More, Female",
      "score": 0.20641816
    },
    {
      "statVar": "Count_Person_65OrMoreYears_Female",
      "statVarName": "Population: 65 Years or More, Female",
      "score": 0.20641816
    },
    {
      "statVar": "Count_Person_75OrMoreYears_Female",
      "statVarName": "Population: 75 Years or More, Female",
      "score": 0.20641816
    }
  ]
}