{
  "observations_by_variable": {
    "Count_Person": {}
  }
}