{
  "by_variable": {
    "test_var_3": {
      "by_entity": {
        "geoId/01": {},
        "geoId/06": {}
      }
    }
  }
}