{
  "ancestors": [
    "Count_Person",
    "dc/g/Demographics"
  ]
}