{
  "observations_by_variable": [
    {
      "variable": "Count_Person",
      "observations_by_entity": [
        {
          "entity": "dummy"
        },
        {
          "entity": "country/FRA",
          "points_by_facet": [
            {
              "date": "2010",
              "value": 64658856,
              "facet": 858679853
            }
          ]
        },
        {
          "entity": "country/USA",
          "points_by_facet": [
            {
              "date": "2010",
              "value": 309326085,
              "facet": 2517965213
            }
          ]
        },
        {
          "entity": "geoId/06",
          "points_by_facet": [
            {
              "date": "2010",
              "value": 37266600,
              "facet": 2517965213
            }
          ]
        },
        {
          "entity": "geoId/0649670",
          "points_by_facet": [
            {
              "date": "2010",
              "value": 74227,
              "facet": 2517965213
            }
          ]
        }
      ]
    },
    {
      "variable": "Count_CriminalActivities_CombinedCrime",
      "observations_by_entity": [
        {
          "entity": "dummy"
        },
        {
          "entity": "country/FRA"
        },
        {
          "entity": "country/USA",
          "points_by_facet": [
            {
              "date": "2010",
              "value": 10292375,
              "facet": 2343540064
            }
          ]
        },
        {
          "entity": "geoId/06",
          "points_by_facet": [
            {
              "date": "2010",
              "value": 1146072,
              "facet": 4277990144
            }
          ]
        },
        {
          "entity": "geoId/0649670",
          "points_by_facet": [
            {
              "date": "2010",
              "value": 1633,
              "facet": 4277990144
            }
          ]
        }
      ]
    },
    {
      "variable": "Amount_EconomicActivity_GrossNationalIncome_PurchasingPowerParity_PerCapita",
      "observations_by_entity": [
        {
          "entity": "dummy"
        },
        {
          "entity": "country/FRA",
          "points_by_facet": [
            {
              "date": "2010",
              "value": 36760,
              "facet": 2171028778
            }
          ]
        },
        {
          "entity": "country/USA",
          "points_by_facet": [
            {
              "date": "2010",
              "value": 48910,
              "facet": 2171028778
            }
          ]
        },
        {
          "entity": "geoId/06"
        },
        {
          "entity": "geoId/0649670"
        }
      ]
    },
    {
      "variable": "Count_Person_FoodInsecure",
      "observations_by_entity": [
        {
          "entity": "dummy"
        },
        {
          "entity": "country/FRA"
        },
        {
          "entity": "country/USA"
        },
        {
          "entity": "geoId/06"
        },
        {
          "entity": "geoId/0649670"
        }
      ]
    }
  ],
  "facets": {
    "2171028778": {
      "import_name": "WorldDevelopmentIndicators",
      "provenance_url": "https://datacatalog.worldbank.org/dataset/world-development-indicators/",
      "observation_period": "P1Y",
      "unit": "InternationalDollar"
    },
    "2343540064": {
      "import_name": "FBIGovCrime_AggCountry",
      "provenance_url": "http://www.fbi.gov/services/cjis/ucr",
      "observation_period": "P1Y"
    },
    "2517965213": {
      "import_name": "CensusPEP",
      "provenance_url": "https://www.census.gov/programs-surveys/popest.html",
      "measurement_method": "CensusPEPSurvey"
    },
    "4277990144": {
      "import_name": "FBIGovCrime",
      "provenance_url": "http://www.fbi.gov/services/cjis/ucr",
      "observation_period": "P1Y"
    },
    "858679853": {
      "import_name": "EurostatData",
      "provenance_url": "https://ec.europa.eu/eurostat/data/database",
      "measurement_method": "EurostatRegionalPopulationData"
    }
  }
}