{
  "header": [
    "?MeanTemp"
  ],
  "rows": [
    {
      "cells": [
        {
          "value": "8.017494898989899"
        }
      ]
    }
  ]
}