{
  "node": "dc/g/Root",
  "info": {
    "absoluteName": "Data Commons Variables",
    "childStatVarGroups": [
      {
        "id": "dc/g/Agriculture",
        "specializedEntity": "Agriculture",
        "displayName": "Agriculture",
        "descendentStatVarCount": 16
      },
      {
        "id": "dc/g/Demographics",
        "specializedEntity": "Demographics",
        "displayName": "Demographics",
        "descendentStatVarCount": 8558
      },
      {
        "id": "dc/g/Economy",
        "specializedEntity": "Economy",
        "displayName": "Economy",
        "descendentStatVarCount": 8600
      },
      {
        "id": "dc/g/Education",
        "specializedEntity": "Education",
        "displayName": "Education",
        "descendentStatVarCount": 4275
      },
      {
        "id": "dc/g/Energy",
        "specializedEntity": "Energy",
        "displayName": "Energy",
        "descendentStatVarCount": 1210
      },
      {
        "id": "dc/g/Environment",
        "specializedEntity": "Environment",
        "displayName": "Environment",
        "descendentStatVarCount": 618
      },
      {
        "id": "dc/g/Health",
        "specializedEntity": "Health",
        "displayName": "Health",
        "descendentStatVarCount": 2531
      },
      {
        "id": "dc/g/Housing",
        "specializedEntity": "Housing",
        "displayName": "Housing",
        "descendentStatVarCount": 424
      },
      {
        "id": "dc/g/Crime",
        "specializedEntity": "Crime",
        "displayName": "Crime",
        "descendentStatVarCount": 832
      },
      {
        "id": "dc/g/AboutDataCommons",
        "specializedEntity": "About Data Commons",
        "displayName": "About Data Commons",
        "descendentStatVarCount": 15
      },
      {
        "id": "dc/g/Uncategorized",
        "specializedEntity": "Uncategorized",
        "displayName": "Uncategorized",
        "descendentStatVarCount": 264
      },
      {
        "id": "dc/g/SDG",
        "specializedEntity": "Sustainable Development Goals",
        "displayName": "Sustainable Development Goals",
        "descendentStatVarCount": 1158
      }
    ],
    "descendentStatVarCount": 11299
  }
}