{
  "node": "dc/g/Person_EducationalAttainment",
  "info": {
    "absoluteName": "Person by Educational Attainment",
    "childStatVarGroups": [
      {
        "id": "dc/g/Person_EducationalAttainment-BachelorDegreeOrHigher",
        "specializedEntity": "Bachelor Degree or Higher",
        "displayName": "Person With Educational Attainment = Bachelor Degree or Higher"
      }
    ],
    "descendentStatVarCount": 476,
    "parentStatVarGroups": [
      "dc/g/Education"
    ]
  }
}