{
  "absoluteName": "Demographics",
  "childStatVars": [
    {
      "id": "FertilityRate_Person_Female",
      "searchName": "Fertility Rate of Person",
      "searchNames": [
        "Fertility Rate of Person"
      ],
      "displayName": "Fertility Rate",
      "definition": "mp=fertilityRate,pt=Person",
      "hasData": true
    },
    {
      "id": "GenderIncomeInequality_Person_15OrMoreYears_WithIncome",
      "searchName": "Gender Income Inequality of Person",
      "searchNames": [
        "Gender Income Inequality of Person"
      ],
      "displayName": "Gender Income Inequality",
      "definition": "mp=genderIncomeInequality,pt=Person"
    },
    {
      "id": "LifeExpectancy_Person",
      "searchName": "Life Expectancy of Person",
      "searchNames": [
        "Life Expectancy of Person"
      ],
      "displayName": "Life Expectancy",
      "definition": "mp=lifeExpectancy,pt=Person",
      "hasData": true
    },
    {
      "id": "Median_Age_Person",
      "searchName": "Median Age of Person",
      "searchNames": [
        "Median Age of Person"
      ],
      "displayName": "Median Age",
      "definition": "st=medianValue,mp=age,pt=Person"
    },
    {
      "id": "Median_Income_Person",
      "searchName": "Median Income of Person",
      "searchNames": [
        "Median Income of Person"
      ],
      "displayName": "Median Income",
      "definition": "st=medianValue,mp=income,pt=Person"
    },
    {
      "id": "Count_Person_IsInternetUser_PerCapita",
      "searchName": "Percent of Internet Users",
      "searchNames": [
        "Percent of Internet Users"
      ],
      "displayName": "Percent of Internet Users",
      "definition": "md=PerCapita,mp=count,pt=Person,isInternetUser=True",
      "hasData": true
    },
    {
      "id": "Count_Person",
      "searchName": "Population Count of Person",
      "searchNames": [
        "Population Count of Person"
      ],
      "displayName": "Population",
      "definition": "mp=count,pt=Person",
      "hasData": true
    },
    {
      "id": "IncrementalCount_Person",
      "searchName": "Population Change",
      "searchNames": [
        "Population Change"
      ],
      "displayName": "Population Change",
      "definition": "mp=incrementalCount,pt=Person"
    },
    {
      "id": "Count_Person_PerArea",
      "searchName": "Population Density",
      "searchNames": [
        "Population Density"
      ],
      "displayName": "Population Density",
      "definition": "md=area,mp=count,pt=Person",
      "hasData": true
    },
    {
      "id": "GrowthRate_Count_Person",
      "searchName": "Population Growth Rate",
      "searchNames": [
        "Population Growth Rate"
      ],
      "displayName": "Population Growth Rate",
      "definition": "st=growthRate,mp=count,pt=Person",
      "hasData": true
    }
  ],
  "childStatVarGroups": [
    {
      "id": "dc/g/Person_Age",
      "specializedEntity": "Age",
      "displayName": "Person by Age",
      "descendentStatVarCount": 663
    },
    {
      "id": "dc/g/Person_BenefitsStatus",
      "specializedEntity": "Benefits Status",
      "displayName": "Person by Benefits Status"
    },
    {
      "id": "dc/g/Person_ChildrenStatus",
      "specializedEntity": "Children Status",
      "displayName": "Person by Children Status"
    },
    {
      "id": "dc/g/Commute",
      "specializedEntity": "Commute",
      "displayName": "Commute"
    },
    {
      "id": "dc/g/Person_DateOfEntry",
      "specializedEntity": "Date of Entry",
      "displayName": "Person by Date of Entry"
    },
    {
      "id": "dc/g/Person_DisabilityStatus",
      "specializedEntity": "Disability Status",
      "displayName": "Person by Disability Status"
    },
    {
      "id": "dc/g/Person_Earnings",
      "specializedEntity": "Earnings",
      "displayName": "Person by Earnings"
    },
    {
      "id": "dc/g/Person_Gender",
      "specializedEntity": "Gender",
      "displayName": "Person by Gender",
      "descendentStatVarCount": 455
    },
    {
      "id": "dc/g/Person_HealthInsurance",
      "specializedEntity": "Health Insurance (Individual)",
      "displayName": "Person by Health Insurance"
    },
    {
      "id": "dc/g/Household",
      "specializedEntity": "Household",
      "displayName": "Household"
    },
    {
      "id": "dc/g/Person_HouseholdIncome",
      "specializedEntity": "Household Income",
      "displayName": "Person by Household Income"
    },
    {
      "id": "dc/g/Person_HouseholdType",
      "specializedEntity": "Household Type",
      "displayName": "Person by Household Type"
    },
    {
      "id": "dc/g/ImmigrationAndCitizenship",
      "specializedEntity": "Immigration and Citizenship",
      "displayName": "Immigration and Citizenship"
    },
    {
      "id": "dc/g/Person_Income",
      "specializedEntity": "Income (Individual)",
      "displayName": "Person by Income"
    },
    {
      "id": "dc/g/Person_IncomeStatus",
      "specializedEntity": "Income Status",
      "displayName": "Person by Income Status"
    },
    {
      "id": "dc/g/Language",
      "specializedEntity": "Language",
      "displayName": "Language"
    },
    {
      "id": "dc/g/Person_LiteracyStatus",
      "specializedEntity": "Literacy Status",
      "displayName": "Person by Literacy Status"
    },
    {
      "id": "dc/g/Person_MaritalStatus",
      "specializedEntity": "Marital Status",
      "displayName": "Person by Marital Status"
    },
    {
      "id": "dc/g/Person_MemberStatus",
      "specializedEntity": "Member Status",
      "displayName": "Person by Member Status"
    },
    {
      "id": "dc/g/MilitaryService",
      "specializedEntity": "Military Service",
      "displayName": "Military Service"
    },
    {
      "id": "dc/g/Person_PlaceOfBirth",
      "specializedEntity": "Place of Birth",
      "displayName": "Person by Place of Birth"
    },
    {
      "id": "dc/g/Person_PovertyStatus",
      "specializedEntity": "Poverty Status",
      "displayName": "Person by Poverty Status"
    },
    {
      "id": "dc/g/Person_Race",
      "specializedEntity": "Race",
      "displayName": "Person by Race"
    },
    {
      "id": "dc/g/Residence",
      "specializedEntity": "Residence",
      "displayName": "Residence",
      "descendentStatVarCount": 3
    }
  ],
  "descendentStatVarCount": 686,
  "parentStatVarGroups": [
    "dc/g/Root"
  ]
}