{
  "absoluteName": "Data Commons Variables",
  "childStatVarGroups": [
    {
      "id": "dc/g/Demographics",
      "specializedEntity": "Demographics",
      "displayName": "Demographics",
      "descendentStatVarCount": 6802
    },
    {
      "id": "dc/g/Household",
      "specializedEntity": "Household",
      "displayName": "Household",
      "descendentStatVarCount": 1389
    },
    {
      "id": "dc/g/Housing",
      "specializedEntity": "Housing",
      "displayName": "Housing",
      "descendentStatVarCount": 416
    },
    {
      "id": "dc/g/Employment",
      "specializedEntity": "Employment",
      "displayName": "Employment",
      "descendentStatVarCount": 6046
    },
    {
      "id": "dc/g/Health",
      "specializedEntity": "Health",
      "displayName": "Health",
      "descendentStatVarCount": 556
    },
    {
      "id": "dc/g/Agriculture",
      "specializedEntity": "Agriculture",
      "displayName": "Agriculture"
    },
    {
      "id": "dc/g/Climate",
      "specializedEntity": "Climate",
      "displayName": "Climate",
      "descendentStatVarCount": 45
    },
    {
      "id": "dc/g/Energy",
      "specializedEntity": "Energy",
      "displayName": "Energy",
      "descendentStatVarCount": 1197
    },
    {
      "id": "dc/g/Crime",
      "specializedEntity": "Crime",
      "displayName": "Crime",
      "descendentStatVarCount": 720
    },
    {
      "id": "dc/g/Economics",
      "specializedEntity": "Economics",
      "displayName": "Economics",
      "descendentStatVarCount": 26
    },
    {
      "id": "dc/g/Education",
      "specializedEntity": "Education",
      "displayName": "Education",
      "descendentStatVarCount": 869
    },
    {
      "id": "dc/g/MilitaryService",
      "specializedEntity": "Military Service",
      "displayName": "Military Service",
      "descendentStatVarCount": 1211
    },
    {
      "id": "dc/g/Uncategorized",
      "specializedEntity": "Uncategorized",
      "displayName": "Uncategorized",
      "descendentStatVarCount": 56
    },
    {
      "id": "dc/g/Private",
      "specializedEntity": "Test Private Import",
      "displayName": "Test Private Import",
      "descendentStatVarCount": 10
    }
  ],
  "descendentStatVarCount": 10914
}