{
  "childStatVars": [
    {
      "id": "Annual_FoodBudgetShortfall",
      "searchNames": [
        "Annual Food Budget Shortfall"
      ],
      "displayName": "Annual Food Budget Shortfall",
      "hasData": true
    },
    {
      "id": "Mean_MealCost_Person_FoodSecure",
      "searchNames": [
        "Mean Meal Cost Person Food Secure"
      ],
      "displayName": "Mean Meal Cost for Population Food Secure",
      "hasData": true
    }
  ],
  "childStatVarGroups": [
    {
      "id": "g/Child_FoodInsecure",
      "descendentStatVarCount": 3
    },
    {
      "id": "g/Person_FoodInsecure",
      "descendentStatVarCount": 4
    }
  ],
  "descendentStatVarCount": 9,
  "parentStatVarGroups": [
    "dc/g/Root"
  ]
}