{
  "data": {
    "geoId/06": {
      "data": {
        "Count_Person_FoodInsecure": {
          "val": {
            "2018": 4291830,
            "2019": 4011960
          },
          "metadata": {
            "importName": "Feeding America",
            "provenanceUrl": "https://www.feedingamerica.org/",
            "measurementMethod": "FeedingAmerica_Estimate"
          }
        },
        "Mean_MealCost_Person_FoodSecure": {
          "val": {
            "2018": 3.28,
            "2019": 3.26
          },
          "metadata": {
            "importName": "Feeding America",
            "provenanceUrl": "https://www.feedingamerica.org/",
            "measurementMethod": "FeedingAmerica_Estimate",
            "unit": "USDollar"
          }
        }
      }
    },
    "geoId/06085": {
      "data": {
        "Count_Person_FoodInsecure": {
          "val": {
            "2018": 138050,
            "2019": 140120
          },
          "metadata": {
            "importName": "Feeding America",
            "provenanceUrl": "https://www.feedingamerica.org/",
            "measurementMethod": "FeedingAmerica_Estimate"
          }
        },
        "Mean_MealCost_Person_FoodSecure": {
          "val": {
            "2018": 3.84,
            "2019": 3.81
          },
          "metadata": {
            "importName": "Feeding America",
            "provenanceUrl": "https://www.feedingamerica.org/",
            "measurementMethod": "FeedingAmerica_Estimate",
            "unit": "USDollar"
          }
        }
      }
    }
  }
}