{
  "City": [
    {
      "subjectId": "City",
      "subjectName": "City",
      "subjectTypes": [
        "Class"
      ],
      "predicate": "name",
      "objectValue": "City",
      "provenanceId": "dc/5l5zxr1"
    },
    {
      "subjectId": "City",
      "subjectName": "City",
      "subjectTypes": [
        "Class"
      ],
      "predicate": "provenance",
      "objectId": "dc/5l5zxr1",
      "objectName": "https://datacommons.org",
      "objectTypes": [
        "Provenance"
      ],
      "provenanceId": "dc/5l5zxr1"
    },
    {
      "subjectId": "City",
      "subjectName": "City",
      "subjectTypes": [
        "Class"
      ],
      "predicate": "subClassOf",
      "objectId": "AdministrativeArea",
      "objectName": "AdministrativeArea",
      "objectTypes": [
        "Class"
      ],
      "provenanceId": "dc/5l5zxr1"
    },
    {
      "subjectId": "City",
      "subjectName": "City",
      "subjectTypes": [
        "Class"
      ],
      "predicate": "typeOf",
      "objectId": "Class",
      "objectName": "Class",
      "objectTypes": [
        "Class"
      ],
      "provenanceId": "dc/5l5zxr1"
    },
    {
      "subjectId": "administrativeCapital",
      "subjectName": "administrativeCapital",
      "subjectTypes": [
        "Property"
      ],
      "predicate": "rangeIncludes",
      "objectId": "City",
      "objectName": "City",
      "objectTypes": [
        "Class"
      ],
      "provenanceId": "dc/5l5zxr1"
    },
    {
      "subjectId": "geoId/3437110",
      "subjectName": "Kinnelon",
      "subjectTypes": [
        "Borough",
        "City"
      ],
      "predicate": "typeOf",
      "objectId": "City",
      "objectName": "City",
      "objectTypes": [
        "Class"
      ],
      "provenanceId": "dc/5n63hr1"
    },
    {
      "subjectId": "geoId/4222800",
      "subjectName": "Elco",
      "subjectTypes": [
        "Borough",
        "City"
      ],
      "predicate": "typeOf",
      "objectId": "City",
      "objectName": "City",
      "objectTypes": [
        "Class"
      ],
      "provenanceId": "dc/sm3m2w3"
    },
    {
      "subjectId": "geoId/4249184",
      "subjectName": "Midland",
      "subjectTypes": [
        "Borough",
        "City"
      ],
      "predicate": "typeOf",
      "objectId": "City",
      "objectName": "City",
      "objectTypes": [
        "Class"
      ],
      "provenanceId": "dc/sm3m2w3"
    },
    {
      "subjectId": "geoId/4257544",
      "subjectName": "Paint",
      "subjectTypes": [
        "Borough",
        "City"
      ],
      "predicate": "typeOf",
      "objectId": "City",
      "objectName": "City",
      "objectTypes": [
        "Class"
      ],
      "provenanceId": "dc/sm3m2w3"
    },
    {
      "subjectId": "geoId/4277304",
      "subjectName": "Trappe",
      "subjectTypes": [
        "Borough",
        "City"
      ],
      "predicate": "typeOf",
      "objectId": "City",
      "objectName": "City",
      "objectTypes": [
        "Class"
      ],
      "provenanceId": "dc/sm3m2w3"
    },
    {
      "subjectId": "wikidataId/Q167109",
      "subjectName": "Eger",
      "subjectTypes": [
        "AdministrativeArea1",
        "City"
      ],
      "predicate": "typeOf",
      "objectId": "City",
      "objectName": "City",
      "objectTypes": [
        "Class"
      ],
      "provenanceId": "dc/5n63hr1"
    },
    {
      "subjectId": "wikidataId/Q1848",
      "subjectName": "San Marino",
      "subjectTypes": [
        "AdministrativeArea1",
        "City"
      ],
      "predicate": "typeOf",
      "objectId": "City",
      "objectName": "City",
      "objectTypes": [
        "Class"
      ],
      "provenanceId": "dc/5n63hr1"
    },
    {
      "subjectId": "wikidataId/Q1861",
      "subjectName": "Bangkok",
      "subjectTypes": [
        "AdministrativeArea1",
        "City"
      ],
      "predicate": "typeOf",
      "objectId": "City",
      "objectName": "City",
      "objectTypes": [
        "Class"
      ],
      "provenanceId": "dc/5n63hr1"
    },
    {
      "subjectId": "wikidataId/Q215826",
      "subjectName": "Grevenmacher",
      "subjectTypes": [
        "AdministrativeArea1",
        "City"
      ],
      "predicate": "typeOf",
      "objectId": "City",
      "objectName": "City",
      "objectTypes": [
        "Class"
      ],
      "provenanceId": "dc/5n63hr1"
    },
    {
      "subjectId": "wikidataId/Q2903879",
      "subjectName": "Bin-Houyé",
      "subjectTypes": [
        "AdministrativeArea5",
        "City"
      ],
      "predicate": "typeOf",
      "objectId": "City",
      "objectName": "City",
      "objectTypes": [
        "Class"
      ],
      "provenanceId": "dc/5j06ly1"
    },
    {
      "subjectId": "wikidataId/Q516599",
      "subjectName": "Schwalmstadt",
      "subjectTypes": [
        "AdministrativeArea4",
        "City"
      ],
      "predicate": "typeOf",
      "objectId": "City",
      "objectName": "City",
      "objectTypes": [
        "Class"
      ],
      "provenanceId": "dc/5n63hr1"
    },
    {
      "subjectId": "wikidataId/Q518287",
      "subjectName": "Wiehe",
      "subjectTypes": [
        "AdministrativeArea4",
        "City",
        "Neighborhood"
      ],
      "predicate": "typeOf",
      "objectId": "City",
      "objectName": "City",
      "objectTypes": [
        "Class"
      ],
      "provenanceId": "dc/5n63hr1"
    },
    {
      "subjectId": "wikidataId/Q587299",
      "subjectName": "Queenborough",
      "subjectTypes": [
        "AdministrativeArea4",
        "City"
      ],
      "predicate": "typeOf",
      "objectId": "City",
      "objectName": "City",
      "objectTypes": [
        "Class"
      ],
      "provenanceId": "dc/5n63hr1"
    },
    {
      "subjectId": "wikidataId/Q622569",
      "subjectName": "Lauterbach",
      "subjectTypes": [
        "AdministrativeArea4",
        "City"
      ],
      "predicate": "typeOf",
      "objectId": "City",
      "objectName": "City",
      "objectTypes": [
        "Class"
      ],
      "provenanceId": "dc/5n63hr1"
    },
    {
      "subjectId": "wikidataId/Q629080",
      "subjectName": "Fuding",
      "subjectTypes": [
        "AdministrativeArea3",
        "City"
      ],
      "predicate": "typeOf",
      "objectId": "City",
      "objectName": "City",
      "objectTypes": [
        "Class"
      ],
      "provenanceId": "dc/5n63hr1"
    },
    {
      "subjectId": "wikidataId/Q68124",
      "subjectName": "La Chaux-de-Fonds",
      "subjectTypes": [
        "AdministrativeArea2",
        "City"
      ],
      "predicate": "typeOf",
      "objectId": "City",
      "objectName": "City",
      "objectTypes": [
        "Class"
      ],
      "provenanceId": "dc/5n63hr1"
    },
    {
      "subjectId": "wikidataId/Q769984",
      "subjectName": "Caiuá",
      "subjectTypes": [
        "AdministrativeArea2",
        "City"
      ],
      "predicate": "typeOf",
      "objectId": "City",
      "objectName": "City",
      "objectTypes": [
        "Class"
      ],
      "provenanceId": "dc/5n63hr1"
    },
    {
      "subjectId": "wikidataId/Q81654490",
      "subjectTypes": [
        "AdministrativeArea2",
        "City"
      ],
      "predicate": "typeOf",
      "objectId": "City",
      "objectName": "City",
      "objectTypes": [
        "Class"
      ],
      "provenanceId": "dc/bhb1cs1"
    },
    {
      "subjectId": "wikidataId/Q81654739",
      "subjectTypes": [
        "AdministrativeArea2",
        "City"
      ],
      "predicate": "typeOf",
      "objectId": "City",
      "objectName": "City",
      "objectTypes": [
        "Class"
      ],
      "provenanceId": "dc/bhb1cs1"
    },
    {
      "subjectId": "wikidataId/Q81739",
      "subjectName": "Königsbrück",
      "subjectTypes": [
        "AdministrativeArea4",
        "City"
      ],
      "predicate": "typeOf",
      "objectId": "City",
      "objectName": "City",
      "objectTypes": [
        "Class"
      ],
      "provenanceId": "dc/5n63hr1"
    },
    {
      "subjectId": "wikidataId/Q8210685",
      "subjectName": "Aiacor",
      "subjectTypes": [
        "AdministrativeArea3",
        "City",
        "Village"
      ],
      "predicate": "typeOf",
      "objectId": "City",
      "objectName": "City",
      "objectTypes": [
        "Class"
      ],
      "provenanceId": "dc/5n63hr1"
    },
    {
      "subjectId": "wikidataId/Q9049806",
      "subjectName": "Newington",
      "subjectTypes": [
        "City"
      ],
      "predicate": "typeOf",
      "objectId": "City",
      "objectName": "City",
      "objectTypes": [
        "Class"
      ],
      "provenanceId": "dc/5j06ly1"
    },
    {
      "subjectId": "wikidataId/Q909970",
      "subjectName": "Pedrógão Pequeno",
      "subjectTypes": [
        "AdministrativeArea3",
        "AdministrativeArea4",
        "City"
      ],
      "predicate": "typeOf",
      "objectId": "City",
      "objectName": "City",
      "objectTypes": [
        "Class"
      ],
      "provenanceId": "dc/5n63hr1"
    },
    {
      "subjectId": "wikidataId/Q920375",
      "subjectName": "Union Township",
      "subjectTypes": [
        "City"
      ],
      "predicate": "typeOf",
      "objectId": "City",
      "objectName": "City",
      "objectTypes": [
        "Class"
      ],
      "provenanceId": "dc/5j06ly1"
    },
    {
      "subjectId": "wikidataId/Q92689",
      "subjectName": "Sopot",
      "subjectTypes": [
        "AdministrativeArea2",
        "City"
      ],
      "predicate": "typeOf",
      "objectId": "City",
      "objectName": "City",
      "objectTypes": [
        "Class"
      ],
      "provenanceId": "dc/5n63hr1"
    },
    {
      "subjectId": "wikidataId/Q932423",
      "subjectName": "China",
      "subjectTypes": [
        "City"
      ],
      "predicate": "typeOf",
      "objectId": "City",
      "objectName": "City",
      "objectTypes": [
        "Class"
      ],
      "provenanceId": "dc/5n63hr1"
    },
    {
      "subjectId": "wikidataId/Q936933",
      "subjectName": "Reda",
      "subjectTypes": [
        "AdministrativeArea3",
        "City"
      ],
      "predicate": "typeOf",
      "objectId": "City",
      "objectName": "City",
      "objectTypes": [
        "Class"
      ],
      "provenanceId": "dc/5n63hr1"
    },
    {
      "subjectId": "wikidataId/Q942035",
      "subjectName": "Higashisonogi",
      "subjectTypes": [
        "City"
      ],
      "predicate": "typeOf",
      "objectId": "City",
      "objectName": "City",
      "objectTypes": [
        "Class"
      ],
      "provenanceId": "dc/5n63hr1"
    },
    {
      "subjectId": "wikidataId/Q954519",
      "subjectName": "Syanno",
      "subjectTypes": [
        "City"
      ],
      "predicate": "typeOf",
      "objectId": "City",
      "objectName": "City",
      "objectTypes": [
        "Class"
      ],
      "provenanceId": "dc/5n63hr1"
    },
    {
      "subjectId": "wikidataId/Q987997",
      "subjectName": "Sieraków",
      "subjectTypes": [
        "AdministrativeArea3",
        "City"
      ],
      "predicate": "typeOf",
      "objectId": "City",
      "objectName": "City",
      "objectTypes": [
        "Class"
      ],
      "provenanceId": "dc/5n63hr1"
    }
  ],
  "County": [
    {
      "subjectId": "County",
      "subjectName": "County",
      "subjectTypes": [
        "Class"
      ],
      "predicate": "name",
      "objectValue": "County",
      "provenanceId": "dc/5l5zxr1"
    },
    {
      "subjectId": "County",
      "subjectName": "County",
      "subjectTypes": [
        "Class"
      ],
      "predicate": "provenance",
      "objectId": "dc/5l5zxr1",
      "objectName": "https://datacommons.org",
      "objectTypes": [
        "Provenance"
      ],
      "provenanceId": "dc/5l5zxr1"
    },
    {
      "subjectId": "County",
      "subjectName": "County",
      "subjectTypes": [
        "Class"
      ],
      "predicate": "subClassOf",
      "objectId": "AdministrativeArea",
      "objectName": "AdministrativeArea",
      "objectTypes": [
        "Class"
      ],
      "provenanceId": "dc/5l5zxr1"
    },
    {
      "subjectId": "County",
      "subjectName": "County",
      "subjectTypes": [
        "Class"
      ],
      "predicate": "typeOf",
      "objectId": "Class",
      "objectName": "Class",
      "objectTypes": [
        "Class"
      ],
      "provenanceId": "dc/5l5zxr1"
    },
    {
      "subjectId": "dc/phx9z7k0d8ne7",
      "subjectName": "Plant Name",
      "subjectTypes": [
        "PowerPlantUnit"
      ],
      "predicate": "containedInPlace",
      "objectId": "County",
      "objectName": "County",
      "objectTypes": [
        "Class"
      ],
      "provenanceId": "dc/22t2hr3"
    },
    {
      "subjectId": "geoId/02275",
      "subjectName": "Wrangell",
      "subjectTypes": [
        "City",
        "County"
      ],
      "predicate": "typeOf",
      "objectId": "County",
      "objectName": "County",
      "objectTypes": [
        "Class"
      ],
      "provenanceId": "dc/5n63hr1"
    },
    {
      "subjectId": "geoId/02282",
      "subjectName": "Yakutat",
      "subjectTypes": [
        "City",
        "County"
      ],
      "predicate": "typeOf",
      "objectId": "County",
      "objectName": "County",
      "objectTypes": [
        "Class"
      ],
      "provenanceId": "dc/5n63hr1"
    },
    {
      "subjectId": "geoId/08014",
      "subjectName": "Broomfield",
      "subjectTypes": [
        "City",
        "County"
      ],
      "predicate": "typeOf",
      "objectId": "County",
      "objectName": "County",
      "objectTypes": [
        "Class"
      ],
      "provenanceId": "dc/5n63hr1"
    },
    {
      "subjectId": "geoId/64040",
      "subjectName": "Pohnpei State",
      "subjectTypes": [
        "AdministrativeArea1",
        "County"
      ],
      "predicate": "typeOf",
      "objectId": "County",
      "objectName": "County",
      "objectTypes": [
        "Class"
      ],
      "provenanceId": "dc/5n63hr1"
    },
    {
      "subjectId": "geoId/68190",
      "subjectName": "Majuro",
      "subjectTypes": [
        "City",
        "County"
      ],
      "predicate": "typeOf",
      "objectId": "County",
      "objectName": "County",
      "objectTypes": [
        "Class"
      ],
      "provenanceId": "dc/5n63hr1"
    },
    {
      "subjectId": "geoId/68310",
      "subjectTypes": [
        "County"
      ],
      "predicate": "typeOf",
      "objectId": "County",
      "objectName": "County",
      "objectTypes": [
        "Class"
      ],
      "provenanceId": "dc/5n63hr1"
    },
    {
      "subjectId": "geoId/68340",
      "subjectTypes": [
        "County"
      ],
      "predicate": "typeOf",
      "objectId": "County",
      "objectName": "County",
      "objectTypes": [
        "Class"
      ],
      "provenanceId": "dc/5n63hr1"
    },
    {
      "subjectId": "geoId/68385",
      "subjectTypes": [
        "County"
      ],
      "predicate": "typeOf",
      "objectId": "County",
      "objectName": "County",
      "objectTypes": [
        "Class"
      ],
      "provenanceId": "dc/5n63hr1"
    },
    {
      "subjectId": "geoId/69100",
      "subjectName": "Rota",
      "subjectTypes": [
        "County"
      ],
      "predicate": "typeOf",
      "objectId": "County",
      "objectName": "County",
      "objectTypes": [
        "Class"
      ],
      "provenanceId": "dc/5n63hr1"
    },
    {
      "subjectId": "geoId/69120",
      "subjectName": "Tinian Municipality",
      "subjectTypes": [
        "County"
      ],
      "predicate": "typeOf",
      "objectId": "County",
      "objectName": "County",
      "objectTypes": [
        "Class"
      ],
      "provenanceId": "dc/5n63hr1"
    },
    {
      "subjectId": "geoId/70050",
      "subjectName": "Hatohobei",
      "subjectTypes": [
        "AdministrativeArea1",
        "County"
      ],
      "predicate": "typeOf",
      "objectId": "County",
      "objectName": "County",
      "objectTypes": [
        "Class"
      ],
      "provenanceId": "dc/5n63hr1"
    },
    {
      "subjectId": "geoId/70100",
      "subjectName": "Kayangel",
      "subjectTypes": [
        "AdministrativeArea1",
        "County"
      ],
      "predicate": "typeOf",
      "objectId": "County",
      "objectName": "County",
      "objectTypes": [
        "Class"
      ],
      "provenanceId": "dc/5n63hr1"
    },
    {
      "subjectId": "geoId/70227",
      "subjectName": "Ngeremlengui",
      "subjectTypes": [
        "AdministrativeArea1",
        "County"
      ],
      "predicate": "typeOf",
      "objectId": "County",
      "objectName": "County",
      "objectTypes": [
        "Class"
      ],
      "provenanceId": "dc/5n63hr1"
    },
    {
      "subjectId": "geoId/70350",
      "subjectName": "Peleliu",
      "subjectTypes": [
        "AdministrativeArea1",
        "County"
      ],
      "predicate": "typeOf",
      "objectId": "County",
      "objectName": "County",
      "objectTypes": [
        "Class"
      ],
      "provenanceId": "dc/5n63hr1"
    },
    {
      "subjectId": "geoId/72103",
      "subjectName": "Naguabo",
      "subjectTypes": [
        "AdministrativeArea2",
        "County"
      ],
      "predicate": "typeOf",
      "objectId": "County",
      "objectName": "County",
      "objectTypes": [
        "Class"
      ],
      "provenanceId": "dc/5n63hr1"
    },
    {
      "subjectId": "geoId/72111",
      "subjectName": "Peñuelas",
      "subjectTypes": [
        "AdministrativeArea2",
        "County"
      ],
      "predicate": "typeOf",
      "objectId": "County",
      "objectName": "County",
      "objectTypes": [
        "Class"
      ],
      "provenanceId": "dc/5n63hr1"
    },
    {
      "subjectId": "geoId/72117",
      "subjectName": "Rincón",
      "subjectTypes": [
        "AdministrativeArea2",
        "County"
      ],
      "predicate": "typeOf",
      "objectId": "County",
      "objectName": "County",
      "objectTypes": [
        "Class"
      ],
      "provenanceId": "dc/5n63hr1"
    },
    {
      "subjectId": "geoId/72127",
      "subjectName": "San Juan",
      "subjectTypes": [
        "AdministrativeArea2",
        "City",
        "County"
      ],
      "predicate": "typeOf",
      "objectId": "County",
      "objectName": "County",
      "objectTypes": [
        "Class"
      ],
      "provenanceId": "dc/5n63hr1"
    },
    {
      "subjectId": "geoId/72151",
      "subjectName": "Yabucoa",
      "subjectTypes": [
        "AdministrativeArea2",
        "County"
      ],
      "predicate": "typeOf",
      "objectId": "County",
      "objectName": "County",
      "objectTypes": [
        "Class"
      ],
      "provenanceId": "dc/5n63hr1"
    },
    {
      "subjectId": "zipsWithAccessToHealthyFoods",
      "subjectName": "zipsWithAccessToHealthyFoods",
      "subjectTypes": [
        "Property"
      ],
      "predicate": "domainIncludes",
      "objectId": "County",
      "objectName": "County",
      "objectTypes": [
        "Class"
      ],
      "provenanceId": "dc/5l5zxr1"
    }
  ]
}