{
  "country/USA": {
    "data": {
      "2011": 310346358,
      "2012": 312855438,
      "2013": 315219560,
      "2014": 317746049,
      "2015": 320098094,
      "2016": 322087547,
      "2017": 324473370,
      "2018": 326289971,
      "2019": 328016242,
      "2020": 329824950
    },
    "placeName": "United States",
    "provenanceUrl": "https://www.census.gov/"
  },
  "geoId/06": {
    "data": {
      "2011": 36969200,
      "2012": 37325068,
      "2013": 37659181,
      "2014": 38066920,
      "2015": 38421464,
      "2016": 38654206,
      "2017": 38982847,
      "2018": 39148760,
      "2019": 39283497,
      "2020": 39346023
    },
    "placeName": "California",
    "provenanceUrl": "https://www.census.gov/"
  },
  "geoId/06085": {
    "data": {
      "2011": 1762754,
      "2012": 1788393,
      "2013": 1812208,
      "2014": 1841569,
      "2015": 1868149,
      "2016": 1885056,
      "2017": 1911226,
      "2018": 1922200,
      "2019": 1927470,
      "2020": 1924379
    },
    "placeName": "Santa Clara County",
    "provenanceUrl": "https://www.census.gov/"
  },
  "geoId/0649670": {
    "data": {
      "2011": 73394,
      "2012": 74447,
      "2013": 75477,
      "2014": 76741,
      "2015": 77973,
      "2016": 78827,
      "2017": 80076,
      "2018": 80993,
      "2019": 81656,
      "2020": 80104
    },
    "placeName": "Mountain View",
    "provenanceUrl": "https://www.census.gov/"
  }
}