{
  "node": "geoId/06085",
  "info": {
    "self": {
      "dcid": "geoId/06085",
      "name": "Santa Clara County",
      "type": "County"
    },
    "parents": [
      {
        "dcid": "geoId/06",
        "name": "California",
        "type": "State"
      },
      {
        "dcid": "usc/PacificDivision",
        "name": "Pacific Division",
        "type": "CensusDivision"
      },
      {
        "dcid": "country/USA",
        "name": "United States",
        "type": "Country"
      },
      {
        "dcid": "usc/WestRegion",
        "name": "West Region"
      },
      {
        "dcid": "northamerica",
        "name": "North America",
        "type": "Continent"
      },
      {
        "dcid": "Earth",
        "name": "Earth",
        "type": "Place"
      }
    ]
  }
}