{
  "by_variable": {
    "Count_Person": {
      "by_entity": {
        "": {
          "ordered_facets": [
            {
              "facet_id": "2176550201"
            },
            {
              "facet_id": "1145703171"
            },
            {
              "facet_id": "1541763368"
            },
            {
              "facet_id": "2517965213"
            },
            {
              "facet_id": "3114843463"
            },
            {
              "facet_id": "2458695583"
            }
          ]
        }
      }
    },
    "Median_Age_Person": {
      "by_entity": {
        "": {
          "ordered_facets": [
            {
              "facet_id": "3795540742"
            }
          ]
        }
      }
    }
  },
  "facets": {
    "1145703171": {
      "import_name": "CensusACS5YearSurvey",
      "provenance_url": "https://www.census.gov/programs-surveys/acs/data/data-via-ftp.html",
      "measurement_method": "CensusACS5yrSurvey"
    },
    "1541763368": {
      "import_name": "USDecennialCensus_RedistrictingRelease",
      "provenance_url": "https://www.census.gov/programs-surveys/decennial-census/about/rdo/summary-files.html",
      "measurement_method": "USDecennialCensus"
    },
    "2176550201": {
      "import_name": "USCensusPEP_Annual_Population",
      "provenance_url": "https://www2.census.gov/programs-surveys/popest/tables",
      "measurement_method": "CensusPEPSurvey",
      "observation_period": "P1Y"
    },
    "2458695583": {
      "import_name": "WikidataPopulation",
      "provenance_url": "https://www.wikidata.org/wiki/Wikidata:Main_Page",
      "measurement_method": "WikidataPopulation"
    },
    "2517965213": {
      "import_name": "CensusPEP",
      "provenance_url": "https://www.census.gov/programs-surveys/popest.html",
      "measurement_method": "CensusPEPSurvey"
    },
    "3114843463": {
      "import_name": "HumanCuratedStats",
      "provenance_url": "https://google.com",
      "measurement_method": "HumanCuratedStats"
    },
    "3795540742": {
      "import_name": "CensusACS5YearSurvey",
      "provenance_url": "https://www.census.gov/programs-surveys/acs/data/data-via-ftp.html",
      "measurement_method": "CensusACS5yrSurvey",
      "unit": "Year"
    }
  }
}
