{
  "placeCoordinates": [
    {
      "latitude": 37.42,
      "longitude": -122.08
    },
    {
      "latitude": 32.41,
      "longitude": -102.11,
      "placeDcids": [
        "geoId/4811",
        "geoId/48",
        "country/USA"
      ]
    }
  ]
}