{
  "data": [
    {
      "entity": "dc/s/UsNationalAeronauticsAndSpaceAdministrationNasa",
      "values": [
        {
          "name": "NEX-DCP30",
          "types": [
            "Dataset"
          ],
          "dcid": "dc/d/UsNationalAeronauticsAndSpaceAdministrationNasa_Nex-dcp30",
          "provenanceId": "dc/6l6wd42"
        },
        {
          "name": "NEX-GDDP",
          "types": [
            "Dataset"
          ],
          "dcid": "dc/d/UsNationalAeronauticsAndSpaceAdministrationNasa_Nex-gddp",
          "provenanceId": "dc/6l6wd42"
        },
        {
          "name": "NEX-GDDP-CMIP6",
          "types": [
            "Dataset"
          ],
          "dcid": "dc/d/UsNationalAeronauticsAndSpaceAdministrationNasa_Nex-gddp-cmip6",
          "provenanceId": "dc/6l6wd42"
        },
        {
          "name": "NEX-GGDP",
          "types": [
            "Dataset"
          ],
          "dcid": "dc/d/UsNationalAeronauticsAndSpaceAdministrationNasa_Nex-ggdp",
          "provenanceId": "dc/6l6wd42"
        },
        {
          "name": "NEX-GGDP-CMIP6",
          "types": [
            "Dataset"
          ],
          "dcid": "dc/d/UsNationalAeronauticsAndSpaceAdministrationNasa_Nex-ggdp-cmip6",
          "provenanceId": "dc/6l6wd42"
        }
      ]
    }
  ]
}