{
  "statVarSeries": {
    "geoId/06": {
      "data": {
        "Annual_Average_RetailPrice_Electricity": {
          "val": {
            "2001": 11.22,
            "2002": 12.19,
            "2003": 11.78,
            "2004": 11.35,
            "2005": 11.63,
            "2006": 12.82,
            "2007": 12.8,
            "2008": 12.49,
            "2009": 13.24,
            "2010": 13.01,
            "2011": 13.05,
            "2012": 13.53,
            "2013": 14.3,
            "2014": 15.15,
            "2015": 15.42,
            "2016": 15.23,
            "2017": 16.06,
            "2018": 16.58,
            "2019": 16.89,
            "2020": 18.15
          },
          "metadata": {
            "importName": "EIA_Electricity",
            "provenanceUrl": "https://www.eia.gov/opendata/qb.php?category=0",
            "unit": "USCentPerKilowattHour"
          }
        },
        "Annual_Generation_Electricity": {
          "val": {
            "2001": 198596.075,
            "2002": 184210.031,
            "2003": 192788.542,
            "2004": 194780.355,
            "2005": 200292.81808,
            "2006": 216798.68818,
            "2007": 210847.58088,
            "2008": 207984.26283,
            "2009": 204776.13225,
            "2010": 204125.59554,
            "2011": 200804.84248,
            "2012": 199518.56657,
            "2013": 200077.11462,
            "2014": 198807.62178,
            "2015": 196703.85766,
            "2016": 196963.21538,
            "2017": 206146.5199,
            "2018": 195465.63818,
            "2019": 201784.2043,
            "2020": 194110.26292
          },
          "metadata": {
            "importName": "EIA_Electricity",
            "provenanceUrl": "https://www.eia.gov/opendata/qb.php?category=0",
            "unit": "GigawattHour"
          }
        }
      }
    },
    "geoId/29": {
      "data": {
        "Annual_Average_RetailPrice_Electricity": {
          "val": {
            "2001": 6.03,
            "2002": 6.09,
            "2003": 6.02,
            "2004": 6.07,
            "2005": 6.13,
            "2006": 6.3,
            "2007": 6.56,
            "2008": 6.84,
            "2009": 7.35,
            "2010": 7.78,
            "2011": 8.32,
            "2012": 8.53,
            "2013": 9.04,
            "2014": 9.11,
            "2015": 9.44,
            "2016": 9.74,
            "2017": 10.03,
            "2018": 9.93,
            "2019": 9.68,
            "2020": 9.41
          },
          "metadata": {
            "importName": "EIA_Electricity",
            "provenanceUrl": "https://www.eia.gov/opendata/qb.php?category=0",
            "unit": "USCentPerKilowattHour"
          }
        },
        "Annual_Generation_Electricity": {
          "val": {
            "2001": 79544.873,
            "2002": 81162.198,
            "2003": 87225.087,
            "2004": 87632.91035,
            "2005": 90828.23045,
            "2006": 91686.34291,
            "2007": 91153.08115,
            "2008": 91028.79541,
            "2009": 88354.27161,
            "2010": 92312.98942,
            "2011": 94876.3967,
            "2012": 91804.3206,
            "2013": 91626.59293,
            "2014": 87834.46821,
            "2015": 83640.06743,
            "2016": 78611.51254,
            "2017": 84606.73066,
            "2018": 85095.38365,
            "2019": 78278.75121,
            "2020": 73430.26579
          },
          "metadata": {
            "importName": "EIA_Electricity",
            "provenanceUrl": "https://www.eia.gov/opendata/qb.php?category=0",
            "unit": "GigawattHour"
          }
        }
      }
    },
    "geoId/53": {
      "data": {
        "Annual_Average_RetailPrice_Electricity": {
          "val": {
            "2001": 5.34,
            "2002": 5.88,
            "2003": 5.86,
            "2004": 5.8,
            "2005": 5.87,
            "2006": 6.14,
            "2007": 6.37,
            "2008": 6.55,
            "2009": 6.59,
            "2010": 6.66,
            "2011": 6.78,
            "2012": 6.94,
            "2013": 7.09,
            "2014": 7.13,
            "2015": 7.4,
            "2016": 7.68,
            "2017": 7.94,
            "2018": 8,
            "2019": 8.04,
            "2020": 8.33
          },
          "metadata": {
            "importName": "EIA_Electricity",
            "provenanceUrl": "https://www.eia.gov/opendata/qb.php?category=0",
            "unit": "USCentPerKilowattHour"
          }
        },
        "Annual_Generation_Electricity": {
          "val": {
            "2001": 83048.669,
            "2002": 102765.048,
            "2003": 100094.691,
            "2004": 102165.05213,
            "2005": 101965.85033,
            "2006": 108203.15532,
            "2007": 106990.21654,
            "2008": 110828.45104,
            "2009": 104470.13259,
            "2010": 103472.72898,
            "2011": 115262.60082,
            "2012": 116835.47343,
            "2013": 114172.91623,
            "2014": 116334.36251,
            "2015": 109287.45791,
            "2016": 114086.58224,
            "2017": 115912.07762,
            "2018": 116756.72859,
            "2019": 106463.60821,
            "2020": 114202.78264
          },
          "metadata": {
            "importName": "EIA_Electricity",
            "provenanceUrl": "https://www.eia.gov/opendata/qb.php?category=0",
            "unit": "GigawattHour"
          }
        }
      }
    }
  },
  "allChildPlaces": {
    "County": {
      "places": [
        {
          "dcid": "geoId/06037",
          "name": "Los Angeles County",
          "pop": 9829544
        },
        {
          "dcid": "geoId/06073",
          "name": "San Diego County",
          "pop": 3286069
        },
        {
          "dcid": "geoId/06059",
          "name": "Orange County",
          "pop": 3167809
        },
        {
          "dcid": "geoId/06065",
          "name": "Riverside County",
          "pop": 2458395
        },
        {
          "dcid": "geoId/06071",
          "name": "San Bernardino County",
          "pop": 2194710
        },
        {
          "dcid": "geoId/06085",
          "name": "Santa Clara County",
          "pop": 1885508
        },
        {
          "dcid": "geoId/06001",
          "name": "Alameda County",
          "pop": 1648556
        },
        {
          "dcid": "geoId/06067",
          "name": "Sacramento County",
          "pop": 1588921
        },
        {
          "dcid": "geoId/06013",
          "name": "Contra Costa County",
          "pop": 1161413
        },
        {
          "dcid": "geoId/06019",
          "name": "Fresno County",
          "pop": 1013581
        },
        {
          "dcid": "geoId/06029",
          "name": "Kern County",
          "pop": 917673
        },
        {
          "dcid": "geoId/06111",
          "name": "Ventura County",
          "pop": 839784
        },
        {
          "dcid": "geoId/06075",
          "name": "San Francisco County",
          "pop": 815201
        },
        {
          "dcid": "geoId/06077",
          "name": "San Joaquin County",
          "pop": 789410
        },
        {
          "dcid": "geoId/06081",
          "name": "San Mateo County",
          "pop": 737888
        },
        {
          "dcid": "geoId/06099",
          "name": "Stanislaus County",
          "pop": 552999
        },
        {
          "dcid": "geoId/06097",
          "name": "Sonoma County",
          "pop": 485887
        },
        {
          "dcid": "geoId/06107",
          "name": "Tulare County",
          "pop": 477054
        },
        {
          "dcid": "geoId/06095",
          "name": "Solano County",
          "pop": 451716
        },
        {
          "dcid": "geoId/06083",
          "name": "Santa Barbara County",
          "pop": 446475
        },
        {
          "dcid": "geoId/06053",
          "name": "Monterey County",
          "pop": 437325
        },
        {
          "dcid": "geoId/06061",
          "name": "Placer County",
          "pop": 412300
        },
        {
          "dcid": "geoId/06047",
          "name": "Merced County",
          "pop": 286461
        },
        {
          "dcid": "geoId/06079",
          "name": "San Luis Obispo County",
          "pop": 283159
        },
        {
          "dcid": "geoId/06087",
          "name": "Santa Cruz County",
          "pop": 267792
        },
        {
          "dcid": "geoId/06041",
          "name": "Marin County",
          "pop": 260206
        },
        {
          "dcid": "geoId/06113",
          "name": "Yolo County",
          "pop": 216986
        },
        {
          "dcid": "geoId/06007",
          "name": "Butte County",
          "pop": 208309
        },
        {
          "dcid": "geoId/06017",
          "name": "El Dorado County",
          "pop": 193221
        },
        {
          "dcid": "geoId/06089",
          "name": "Shasta County",
          "pop": 182139
        },
        {
          "dcid": "geoId/06025",
          "name": "Imperial County",
          "pop": 179851
        },
        {
          "dcid": "geoId/06039",
          "name": "Madera County",
          "pop": 159410
        },
        {
          "dcid": "geoId/06031",
          "name": "Kings County",
          "pop": 153443
        },
        {
          "dcid": "geoId/06023",
          "name": "Humboldt County",
          "pop": 136310
        },
        {
          "dcid": "geoId/06055",
          "name": "Napa County",
          "pop": 136207
        },
        {
          "dcid": "geoId/06057",
          "name": "Nevada County",
          "pop": 103487
        },
        {
          "dcid": "geoId/06101",
          "name": "Sutter County",
          "pop": 99063
        },
        {
          "dcid": "geoId/06045",
          "name": "Mendocino County",
          "pop": 91305
        },
        {
          "dcid": "geoId/06115",
          "name": "Yuba County",
          "pop": 83421
        },
        {
          "dcid": "geoId/06033",
          "name": "Lake County",
          "pop": 68766
        },
        {
          "dcid": "geoId/06069",
          "name": "San Benito County",
          "pop": 66677
        },
        {
          "dcid": "geoId/06103",
          "name": "Tehama County",
          "pop": 65498
        },
        {
          "dcid": "geoId/06109",
          "name": "Tuolumne County",
          "pop": 55810
        },
        {
          "dcid": "geoId/06009",
          "name": "Calaveras County",
          "pop": 46221
        },
        {
          "dcid": "geoId/06093",
          "name": "Siskiyou County",
          "pop": 44118
        },
        {
          "dcid": "geoId/06005",
          "name": "Amador County",
          "pop": 41259
        },
        {
          "dcid": "geoId/06035",
          "name": "Lassen County",
          "pop": 33159
        },
        {
          "dcid": "geoId/06021",
          "name": "Glenn County",
          "pop": 28805
        },
        {
          "dcid": "geoId/06015",
          "name": "Del Norte County",
          "pop": 28100
        },
        {
          "dcid": "geoId/06011",
          "name": "Colusa County",
          "pop": 21917
        },
        {
          "dcid": "geoId/06063",
          "name": "Plumas County",
          "pop": 19915
        },
        {
          "dcid": "geoId/06027",
          "name": "Inyo County",
          "pop": 18970
        },
        {
          "dcid": "geoId/06043",
          "name": "Mariposa County",
          "pop": 17147
        },
        {
          "dcid": "geoId/06105",
          "name": "Trinity County",
          "pop": 16060
        },
        {
          "dcid": "geoId/06051",
          "name": "Mono County",
          "pop": 13247
        },
        {
          "dcid": "geoId/06049",
          "name": "Modoc County",
          "pop": 8661
        },
        {
          "dcid": "geoId/06091",
          "name": "Sierra County",
          "pop": 3283
        },
        {
          "dcid": "geoId/06003",
          "name": "Alpine County",
          "pop": 1235
        }
      ]
    }
  },
  "childPlacesType": "County",
  "childPlaces": [
    "geoId/06037",
    "geoId/06073",
    "geoId/06059",
    "geoId/06065",
    "geoId/06071"
  ],
  "parentPlaces": [
    "country/USA",
    "northamerica"
  ],
  "similarPlaces": [
    "geoId/38",
    "geoId/18",
    "geoId/72",
    "geoId/47",
    "geoId/22"
  ],
  "nearbyPlaces": [
    "geoId/48",
    "geoId/53",
    "geoId/04",
    "geoId/29",
    "geoId/08"
  ]
}