{
  "statVarSeries": {
    "geoId/0606000": {
      "data": {
        "Count_Person": {
          "val": {
            "1990": 102847,
            "1991": 103137,
            "1992": 102952,
            "1993": 104636,
            "1994": 104816,
            "1995": 105422,
            "1996": 105407,
            "1997": 106886,
            "1998": 108070,
            "1999": 108319,
            "2000": 102936,
            "2001": 103714,
            "2002": 102990,
            "2003": 101575,
            "2004": 100819,
            "2005": 100200,
            "2006": 100579,
            "2007": 100667,
            "2008": 101380,
            "2009": 103070,
            "2010": 112938,
            "2011": 114477,
            "2012": 115819,
            "2013": 117373,
            "2014": 119348,
            "2015": 121175,
            "2016": 122175,
            "2017": 123084,
            "2018": 123541,
            "2019": 123757,
            "2020": 119463,
            "2021": 117145
          },
          "metadata": {
            "importName": "USCensusPEP_Annual_Population",
            "provenanceUrl": "https://www2.census.gov/programs-surveys/popest/tables",
            "measurementMethod": "CensusPEPSurvey",
            "observationPeriod": "P1Y"
          }
        }
      }
    },
    "geoId/0668084": {
      "data": {
        "Count_Person": {
          "val": {
            "1990": 68202,
            "1991": 68417,
            "1992": 68652,
            "1993": 69561,
            "1994": 70172,
            "1995": 70945,
            "1996": 71470,
            "1997": 72889,
            "1998": 74207,
            "1999": 75084,
            "2000": 79821,
            "2001": 80684,
            "2002": 80057,
            "2003": 79727,
            "2004": 78804,
            "2005": 77933,
            "2006": 77455,
            "2007": 77374,
            "2008": 78120,
            "2009": 78998,
            "2010": 85108,
            "2011": 86015,
            "2012": 87101,
            "2013": 88221,
            "2014": 89441,
            "2015": 90631,
            "2016": 91149,
            "2017": 91020,
            "2018": 90832,
            "2019": 90321,
            "2020": 91338,
            "2021": 88868
          },
          "metadata": {
            "importName": "USCensusPEP_Annual_Population",
            "provenanceUrl": "https://www2.census.gov/programs-surveys/popest/tables",
            "measurementMethod": "CensusPEPSurvey",
            "observationPeriod": "P1Y"
          }
        }
      }
    },
    "zip/94618": {
      "data": {
        "Count_Person": {
          "val": {
            "2011": 16753,
            "2012": 17074,
            "2013": 17226,
            "2014": 17007,
            "2015": 16884,
            "2016": 16620,
            "2017": 16566,
            "2018": 17041,
            "2019": 17252,
            "2020": 17110
          },
          "metadata": {
            "importName": "CensusACS5YearSurvey",
            "provenanceUrl": "https://www.census.gov/programs-surveys/acs/data/data-via-ftp.html",
            "measurementMethod": "CensusACS5yrSurvey"
          }
        }
      }
    }
  },
  "allChildPlaces": {
    "CensusZipCodeTabulationArea": {
      "places": [
        {
          "dcid": "zip/94611",
          "name": "94611",
          "pop": 39042
        },
        {
          "dcid": "zip/94610",
          "name": "94610",
          "pop": 31553
        },
        {
          "dcid": "zip/94618",
          "name": "94618",
          "pop": 17110
        }
      ]
    }
  },
  "latestPopulation": {
    "country/USA": {
      "date": "2021",
      "value": 331893745,
      "metadata": {
        "importName": "USCensusPEP_Annual_Population",
        "provenanceUrl": "https://www2.census.gov/programs-surveys/popest/tables",
        "measurementMethod": "CensusPEPSurvey",
        "observationPeriod": "P1Y"
      }
    },
    "geoId/06": {
      "date": "2021",
      "value": 39237836,
      "metadata": {
        "importName": "USCensusPEP_Annual_Population",
        "provenanceUrl": "https://www2.census.gov/programs-surveys/popest/tables",
        "measurementMethod": "CensusPEPSurvey",
        "observationPeriod": "P1Y"
      }
    },
    "geoId/06001": {
      "date": "2021",
      "value": 1648556,
      "metadata": {
        "importName": "USCensusPEP_Annual_Population",
        "provenanceUrl": "https://www2.census.gov/programs-surveys/popest/tables",
        "measurementMethod": "CensusPEPSurvey",
        "observationPeriod": "P1Y"
      }
    },
    "geoId/0600562": {
      "date": "2021",
      "value": 76362,
      "metadata": {
        "importName": "USCensusPEP_Annual_Population",
        "provenanceUrl": "https://www2.census.gov/programs-surveys/popest/tables",
        "measurementMethod": "CensusPEPSurvey",
        "observationPeriod": "P1Y"
      }
    },
    "geoId/0606000": {
      "date": "2021",
      "value": 117145,
      "metadata": {
        "importName": "USCensusPEP_Annual_Population",
        "provenanceUrl": "https://www2.census.gov/programs-surveys/popest/tables",
        "measurementMethod": "CensusPEPSurvey",
        "observationPeriod": "P1Y"
      }
    },
    "geoId/0653000": {
      "date": "2021",
      "value": 433823,
      "metadata": {
        "importName": "USCensusPEP_Annual_Population",
        "provenanceUrl": "https://www2.census.gov/programs-surveys/popest/tables",
        "measurementMethod": "CensusPEPSurvey",
        "observationPeriod": "P1Y"
      }
    },
    "geoId/0655282": {
      "date": "2021",
      "value": 66680,
      "metadata": {
        "importName": "USCensusPEP_Annual_Population",
        "provenanceUrl": "https://www2.census.gov/programs-surveys/popest/tables",
        "measurementMethod": "CensusPEPSurvey",
        "observationPeriod": "P1Y"
      }
    },
    "geoId/0656938": {
      "date": "2021",
      "value": 11107,
      "metadata": {
        "importName": "USCensusPEP_Annual_Population",
        "provenanceUrl": "https://www2.census.gov/programs-surveys/popest/tables",
        "measurementMethod": "CensusPEPSurvey",
        "observationPeriod": "P1Y"
      }
    },
    "geoId/0660620": {
      "date": "2021",
      "value": 115639,
      "metadata": {
        "importName": "USCensusPEP_Annual_Population",
        "provenanceUrl": "https://www2.census.gov/programs-surveys/popest/tables",
        "measurementMethod": "CensusPEPSurvey",
        "observationPeriod": "P1Y"
      }
    },
    "geoId/0668000": {
      "date": "2021",
      "value": 983489,
      "metadata": {
        "importName": "USCensusPEP_Annual_Population",
        "provenanceUrl": "https://www2.census.gov/programs-surveys/popest/tables",
        "measurementMethod": "CensusPEPSurvey",
        "observationPeriod": "P1Y"
      }
    },
    "geoId/0668084": {
      "date": "2021",
      "value": 88868,
      "metadata": {
        "importName": "USCensusPEP_Annual_Population",
        "provenanceUrl": "https://www2.census.gov/programs-surveys/popest/tables",
        "measurementMethod": "CensusPEPSurvey",
        "observationPeriod": "P1Y"
      }
    },
    "geoId/2148006": {
      "date": "2021",
      "value": 628594,
      "metadata": {
        "importName": "USCensusPEP_Annual_Population",
        "provenanceUrl": "https://www2.census.gov/programs-surveys/popest/tables",
        "measurementMethod": "CensusPEPSurvey",
        "observationPeriod": "P1Y"
      }
    },
    "geoId/2404000": {
      "date": "2021",
      "value": 576498,
      "metadata": {
        "importName": "USCensusPEP_Annual_Population",
        "provenanceUrl": "https://www2.census.gov/programs-surveys/popest/tables",
        "measurementMethod": "CensusPEPSurvey",
        "observationPeriod": "P1Y"
      }
    },
    "geoId/4261000": {
      "date": "2021",
      "value": 300431,
      "metadata": {
        "importName": "USCensusPEP_Annual_Population",
        "provenanceUrl": "https://www2.census.gov/programs-surveys/popest/tables",
        "measurementMethod": "CensusPEPSurvey",
        "observationPeriod": "P1Y"
      }
    },
    "zip/94610": {
      "date": "2020",
      "value": 31553,
      "metadata": {
        "importName": "CensusACS5YearSurvey",
        "provenanceUrl": "https://www.census.gov/programs-surveys/acs/data/data-via-ftp.html",
        "measurementMethod": "CensusACS5yrSurvey"
      }
    },
    "zip/94611": {
      "date": "2020",
      "value": 39042,
      "metadata": {
        "importName": "CensusACS5YearSurvey",
        "provenanceUrl": "https://www.census.gov/programs-surveys/acs/data/data-via-ftp.html",
        "measurementMethod": "CensusACS5yrSurvey"
      }
    },
    "zip/94618": {
      "date": "2020",
      "value": 17110,
      "metadata": {
        "importName": "CensusACS5YearSurvey",
        "provenanceUrl": "https://www.census.gov/programs-surveys/acs/data/data-via-ftp.html",
        "measurementMethod": "CensusACS5yrSurvey"
      }
    }
  },
  "validCategories": {
    "country/USA": {
      "category": [
        "Crime",
        "Demographics",
        "Economics",
        "Education",
        "Energy",
        "Environment",
        "Equity",
        "Health",
        "Housing",
        "Overview"
      ]
    },
    "geoId/06": {
      "category": [
        "Crime",
        "Demographics",
        "Economics",
        "Education",
        "Energy",
        "Environment",
        "Equity",
        "Health",
        "Housing",
        "Overview"
      ]
    },
    "geoId/06001": {
      "category": [
        "Demographics",
        "Economics",
        "Education",
        "Environment",
        "Equity",
        "Health",
        "Housing",
        "Overview"
      ]
    },
    "geoId/0600562": {
      "category": [
        "Crime",
        "Demographics",
        "Economics",
        "Education",
        "Environment",
        "Equity",
        "Health",
        "Housing",
        "Overview"
      ]
    },
    "geoId/0606000": {
      "category": [
        "Crime",
        "Demographics",
        "Economics",
        "Education",
        "Environment",
        "Equity",
        "Health",
        "Housing",
        "Overview"
      ]
    },
    "geoId/0653000": {
      "category": [
        "Crime",
        "Demographics",
        "Economics",
        "Education",
        "Environment",
        "Equity",
        "Health",
        "Housing",
        "Overview"
      ]
    },
    "geoId/0655282": {
      "category": [
        "Crime",
        "Demographics",
        "Economics",
        "Education",
        "Environment",
        "Equity",
        "Health",
        "Housing",
        "Overview"
      ]
    },
    "geoId/0656938": {
      "category": [
        "Crime",
        "Demographics",
        "Economics",
        "Education",
        "Environment",
        "Equity",
        "Health",
        "Housing",
        "Overview"
      ]
    },
    "geoId/0660620": {
      "category": [
        "Crime",
        "Demographics",
        "Economics",
        "Education",
        "Environment",
        "Equity",
        "Health",
        "Housing",
        "Overview"
      ]
    },
    "geoId/0668000": {
      "category": [
        "Crime",
        "Demographics",
        "Economics",
        "Education",
        "Environment",
        "Equity",
        "Health",
        "Housing",
        "Overview"
      ]
    },
    "geoId/0668084": {
      "category": [
        "Crime",
        "Demographics",
        "Economics",
        "Education",
        "Environment",
        "Equity",
        "Health",
        "Housing",
        "Overview"
      ]
    },
    "geoId/2148006": {
      "category": [
        "Crime",
        "Demographics",
        "Economics",
        "Education",
        "Environment",
        "Equity",
        "Health",
        "Housing",
        "Overview"
      ]
    },
    "geoId/2404000": {
      "category": [
        "Crime",
        "Demographics",
        "Economics",
        "Education",
        "Environment",
        "Equity",
        "Health",
        "Housing",
        "Overview"
      ]
    },
    "geoId/4261000": {
      "category": [
        "Crime",
        "Demographics",
        "Economics",
        "Education",
        "Environment",
        "Equity",
        "Health",
        "Housing",
        "Overview"
      ]
    },
    "northamerica": {},
    "zip/94610": {
      "category": [
        "Demographics",
        "Economics",
        "Education",
        "Equity",
        "Health",
        "Housing",
        "Overview"
      ]
    },
    "zip/94611": {
      "category": [
        "Demographics",
        "Economics",
        "Education",
        "Equity",
        "Health",
        "Housing",
        "Overview"
      ]
    },
    "zip/94618": {
      "category": [
        "Demographics",
        "Economics",
        "Education",
        "Equity",
        "Health",
        "Housing",
        "Overview"
      ]
    }
  },
  "childPlacesType": "CensusZipCodeTabulationArea",
  "childPlaces": [
    "zip/94611",
    "zip/94610",
    "zip/94618"
  ],
  "parentPlaces": [
    "geoId/06001",
    "geoId/06",
    "country/USA",
    "northamerica"
  ],
  "similarPlaces": [
    "geoId/0668000",
    "geoId/2148006",
    "geoId/0655282",
    "geoId/4261000",
    "geoId/2404000"
  ],
  "nearbyPlaces": [
    "geoId/0653000",
    "geoId/0606000",
    "geoId/0660620",
    "geoId/0668084",
    "geoId/0600562"
  ]
}