{
  "by_variable": {
    "Count_Person": {
      "by_entity": {
        "Earth": {
          "ordered_facets": [
            {
              "facet_id": "3114843463",
              "observations": [
                {
                  "value": 1
                }
              ]
            }
          ]
        },
        "country/USA": {
          "ordered_facets": [
            {
              "facet_id": "1273233945",
              "observations": [
                {
                  "value": 11
                }
              ]
            },
            {
              "facet_id": "1541763368",
              "observations": [
                {
                  "value": 3
                }
              ]
            },
            {
              "facet_id": "1152061738",
              "observations": [
                {
                  "value": 22
                }
              ]
            },
            {
              "facet_id": "2517965213",
              "observations": [
                {
                  "value": 120
                }
              ]
            },
            {
              "facet_id": "1151455814",
              "observations": [
                {
                  "value": 25
                }
              ]
            },
            {
              "facet_id": "1226172227",
              "observations": [
                {
                  "value": 10
                }
              ]
            },
            {
              "facet_id": "10983471",
              "observations": [
                {
                  "value": 10
                }
              ]
            },
            {
              "facet_id": "196790193",
              "observations": [
                {
                  "value": 3
                }
              ]
            },
            {
              "facet_id": "217147238",
              "observations": [
                {
                  "value": 3
                }
              ]
            },
            {
              "facet_id": "3114843463",
              "observations": [
                {
                  "value": 1
                }
              ]
            },
            {
              "facet_id": "2458695583",
              "observations": [
                {
                  "value": 45
                }
              ]
            }
          ]
        },
        "geoId/06": {
          "ordered_facets": [
            {
              "facet_id": "1145703171",
              "observations": [
                {
                  "value": 11
                }
              ]
            },
            {
              "facet_id": "1541763368",
              "observations": [
                {
                  "value": 3
                }
              ]
            },
            {
              "facet_id": "1152061738",
              "observations": [
                {
                  "value": 22
                }
              ]
            },
            {
              "facet_id": "2517965213",
              "observations": [
                {
                  "value": 120
                }
              ]
            },
            {
              "facet_id": "1151455814",
              "observations": [
                {
                  "value": 25
                }
              ]
            },
            {
              "facet_id": "1226172227",
              "observations": [
                {
                  "value": 10
                }
              ]
            },
            {
              "facet_id": "10983471",
              "observations": [
                {
                  "value": 10
                }
              ]
            },
            {
              "facet_id": "196790193",
              "observations": [
                {
                  "value": 3
                }
              ]
            },
            {
              "facet_id": "3114843463",
              "observations": [
                {
                  "value": 1
                }
              ]
            },
            {
              "facet_id": "2458695583",
              "observations": [
                {
                  "value": 37
                }
              ]
            }
          ]
        }
      }
    },
    "Median_Age_Person": {
      "by_entity": {
        "country/USA": {
          "ordered_facets": [
            {
              "facet_id": "3357919774",
              "observations": [
                {
                  "value": 9
                }
              ]
            },
            {
              "facet_id": "2763329611",
              "observations": [
                {
                  "value": 10
                }
              ]
            },
            {
              "facet_id": "3690003977",
              "observations": [
                {
                  "value": 3
                }
              ]
            },
            {
              "facet_id": "4219092424",
              "observations": [
                {
                  "value": 3
                }
              ]
            }
          ]
        },
        "geoId/06": {
          "ordered_facets": [
            {
              "facet_id": "3795540742",
              "observations": [
                {
                  "value": 11
                }
              ]
            },
            {
              "facet_id": "2763329611",
              "observations": [
                {
                  "value": 10
                }
              ]
            },
            {
              "facet_id": "3690003977",
              "observations": [
                {
                  "value": 3
                }
              ]
            }
          ]
        }
      }
    }
  },
  "facets": {
    "10983471": {
      "import_name": "CensusACS5YearSurvey_SubjectTables_S2601A",
      "provenance_url": "https://data.census.gov/cedsci/table?q=S2601A&tid=ACSST5Y2019.S2601A",
      "measurement_method": "CensusACS5yrSurveySubjectTable"
    },
    "1145703171": {
      "import_name": "CensusACS5YearSurvey",
      "provenance_url": "https://www.census.gov/programs-surveys/acs/data/data-via-ftp.html",
      "measurement_method": "CensusACS5yrSurvey"
    },
    "1151455814": {
      "import_name": "OECDRegionalDemography",
      "provenance_url": "https://stats.oecd.org/Index.aspx?DataSetCode=REGION_DEMOGR#",
      "measurement_method": "OECDRegionalStatistics",
      "observation_period": "P1Y"
    },
    "1152061738": {
      "import_name": "CDC_Mortality_UnderlyingCause_State",
      "provenance_url": "https://wonder.cdc.gov/ucd-icd10.html"
    },
    "1226172227": {
      "import_name": "CensusACS1YearSurvey",
      "provenance_url": "https://www.census.gov/programs-surveys/acs/data/data-via-ftp.html",
      "measurement_method": "CensusACS1yrSurvey"
    },
    "1273233945": {
      "import_name": "CensusACS5YearSurvey_AggCountry",
      "provenance_url": "https://www.census.gov/",
      "measurement_method": "CensusACS5yrSurvey",
      "is_dc_aggregate": true
    },
    "1541763368": {
      "import_name": "USDecennialCensus_RedistrictingRelease",
      "provenance_url": "https://www.census.gov/programs-surveys/decennial-census/about/rdo/summary-files.html",
      "measurement_method": "USDecennialCensus"
    },
    "196790193": {
      "import_name": "CensusACS5YearSurvey_SubjectTables_S2602",
      "provenance_url": "https://data.census.gov/cedsci/table?q=S2602&tid=ACSST5Y2019.S2602",
      "measurement_method": "CensusACS5yrSurveySubjectTable"
    },
    "217147238": {
      "import_name": "CensusACS5YearSurvey_SubjectTables_S2603",
      "provenance_url": "https://data.census.gov/cedsci/table?q=S2603&tid=ACSST5Y2019.S2603",
      "measurement_method": "CensusACS5yrSurveySubjectTable"
    },
    "2176550201": {
      "import_name": "USCensusPEP_Annual_Population",
      "provenance_url": "https://www2.census.gov/programs-surveys/popest/tables",
      "measurement_method": "CensusPEPSurvey",
      "observation_period": "P1Y"
    },
    "2458695583": {
      "import_name": "WikidataPopulation",
      "provenance_url": "https://www.wikidata.org/wiki/Wikidata:Main_Page",
      "measurement_method": "WikidataPopulation"
    },
    "2517965213": {
      "import_name": "CensusPEP",
      "provenance_url": "https://www.census.gov/programs-surveys/popest.html",
      "measurement_method": "CensusPEPSurvey"
    },
    "2763329611": {
      "import_name": "CensusACS5YearSurvey_SubjectTables_S2601A",
      "provenance_url": "https://data.census.gov/cedsci/table?q=S2601A&tid=ACSST5Y2019.S2601A",
      "measurement_method": "CensusACS5yrSurveySubjectTable",
      "unit": "Years"
    },
    "3114843463": {
      "import_name": "HumanCuratedStats",
      "provenance_url": "https://google.com",
      "measurement_method": "HumanCuratedStats"
    },
    "3357919774": {
      "import_name": "CensusUSAMedianAgeIncome",
      "provenance_url": "https://www.census.gov/programs-surveys/acs/data/data-via-ftp.html",
      "measurement_method": "CensusACS5yrSurvey",
      "unit": "Year"
    },
    "3690003977": {
      "import_name": "CensusACS5YearSurvey_SubjectTables_S2602",
      "provenance_url": "https://data.census.gov/cedsci/table?q=S2602&tid=ACSST5Y2019.S2602",
      "measurement_method": "CensusACS5yrSurveySubjectTable",
      "unit": "Years"
    },
    "3795540742": {
      "import_name": "CensusACS5YearSurvey",
      "provenance_url": "https://www.census.gov/programs-surveys/acs/data/data-via-ftp.html",
      "measurement_method": "CensusACS5yrSurvey",
      "unit": "Year"
    },
    "3981252704": {
      "import_name": "WorldDevelopmentIndicators",
      "provenance_url": "https://datacatalog.worldbank.org/dataset/world-development-indicators/",
      "observation_period": "P1Y"
    },
    "4219092424": {
      "import_name": "CensusACS5YearSurvey_SubjectTables_S2603",
      "provenance_url": "https://data.census.gov/cedsci/table?q=S2603&tid=ACSST5Y2019.S2603",
      "measurement_method": "CensusACS5yrSurveySubjectTable",
      "unit": "Years"
    }
  }
}