{
  "values": [
    {
      "name": "Fremont Union High",
      "types": [
        "HighSchoolDistrict",
        "SchoolDistrict"
      ],
      "dcid": "geoId/sch0614430",
      "provenanceId": "dc/base/NCES_SchoolDistrict"
    },
    {
      "name": "Los Altos Elementary",
      "types": [
        "ElementarySchoolDistrict",
        "SchoolDistrict"
      ],
      "dcid": "geoId/sch0622650",
      "provenanceId": "dc/base/NCES_SchoolDistrict"
    },
    {
      "name": "Mountain View Whisman",
      "types": [
        "ElementarySchoolDistrict",
        "SchoolDistrict"
      ],
      "dcid": "geoId/sch0626280",
      "provenanceId": "dc/base/NCES_SchoolDistrict"
    },
    {
      "name": "Mountain View-Los Altos Union High",
      "types": [
        "HighSchoolDistrict",
        "SchoolDistrict"
      ],
      "dcid": "geoId/sch0626310",
      "provenanceId": "dc/base/NCES_SchoolDistrict"
    },
    {
      "name": "Palo Alto Unified",
      "types": [
        "SchoolDistrict"
      ],
      "dcid": "geoId/sch0629610",
      "provenanceId": "dc/base/NCES_SchoolDistrict"
    },
    {
      "name": "Sunnyvale",
      "types": [
        "ElementarySchoolDistrict",
        "SchoolDistrict"
      ],
      "dcid": "geoId/sch0638460",
      "provenanceId": "dc/base/NCES_SchoolDistrict"
    },
    {
      "name": "94024",
      "types": [
        "CensusZipCodeTabulationArea"
      ],
      "dcid": "zip/94024",
      "provenanceId": "dc/base/BaseGeos"
    },
    {
      "name": "94040",
      "types": [
        "CensusZipCodeTabulationArea"
      ],
      "dcid": "zip/94040",
      "provenanceId": "dc/base/BaseGeos"
    },
    {
      "name": "94043",
      "types": [
        "CensusZipCodeTabulationArea"
      ],
      "dcid": "zip/94043",
      "provenanceId": "dc/base/BaseGeos"
    },
    {
      "name": "94085",
      "types": [
        "CensusZipCodeTabulationArea"
      ],
      "dcid": "zip/94085",
      "provenanceId": "dc/base/BaseGeos"
    },
    {
      "name": "94086",
      "types": [
        "CensusZipCodeTabulationArea"
      ],
      "dcid": "zip/94086",
      "provenanceId": "dc/base/BaseGeos"
    },
    {
      "name": "94087",
      "types": [
        "CensusZipCodeTabulationArea"
      ],
      "dcid": "zip/94087",
      "provenanceId": "dc/base/BaseGeos"
    },
    {
      "name": "94303",
      "types": [
        "CensusZipCodeTabulationArea"
      ],
      "dcid": "zip/94303",
      "provenanceId": "dc/base/BaseGeos"
    },
    {
      "name": "94306",
      "types": [
        "CensusZipCodeTabulationArea"
      ],
      "dcid": "zip/94306",
      "provenanceId": "dc/base/BaseGeos"
    }
  ]
}