{
  "by_variable": {
    "Count_Person": {
      "by_entity": {
        "": {
          "ordered_facets": [
            {
              "facet_id": "2176550201"
            }
          ]
        }
      }
    },
    "Median_Age_Person": {
      "by_entity": {
        "": {}
      }
    }
  },
  "facets": {
    "2176550201": {
      "import_name": "USCensusPEP_Annual_Population",
      "provenance_url": "https://www2.census.gov/programs-surveys/popest/tables",
      "measurement_method": "CensusPEPSurvey",
      "observation_period": "P1Y"
    }
  }
}