{
  "info": [
    {
      "entity": "UnemploymentRate_Person",
      "info": {
        "placeTypeSummary": {
          "City": {
            "placeCount": 3055,
            "topPlaces": [
              {
                "dcid": "geoId/3651000",
                "name": "New York"
              },
              {
                "dcid": "geoId/0644000",
                "name": "Los Angeles"
              },
              {
                "dcid": "geoId/1714000",
                "name": "Chicago"
              }
            ]
          },
          "Country": {
            "placeCount": 33,
            "topPlaces": [
              {
                "dcid": "country/USA",
                "name": "United States"
              },
              {
                "dcid": "country/JPN",
                "name": "Japan"
              },
              {
                "dcid": "country/TUR",
                "name": "Turkey"
              }
            ]
          },
          "County": {
            "placeCount": 3220,
            "topPlaces": [
              {
                "dcid": "geoId/06037",
                "name": "Los Angeles County"
              },
              {
                "dcid": "geoId/17031",
                "name": "Cook County"
              },
              {
                "dcid": "geoId/48201",
                "name": "Harris County"
              }
            ]
          },
          "State": {
            "placeCount": 52,
            "topPlaces": [
              {
                "dcid": "geoId/06",
                "name": "California"
              },
              {
                "dcid": "geoId/48",
                "name": "Texas"
              },
              {
                "dcid": "geoId/12",
                "name": "Florida"
              }
            ]
          }
        },
        "provenanceSummary": {
          "dc/2xghn33": {
            "importName": "BLS_CPS",
            "observationCount": 1186,
            "timeSeriesCount": 2,
            "releaseFrequency": "P1M",
            "seriesSummary": [
              {
                "seriesKey": {
                  "measurementMethod": "BLSSeasonallyAdjusted",
                  "observationPeriod": "P1M"
                },
                "earliestDate": "1948-01",
                "latestDate": "2022-02",
                "observationCount": 890,
                "timeSeriesCount": 1,
                "placeTypeSummary": {
                  "Country": {
                    "placeCount": 1,
                    "topPlaces": [
                      {
                        "dcid": "country/USA",
                        "name": "United States"
                      }
                    ]
                  }
                },
                "minValue": 2.5,
                "maxValue": 14.7
              },
              {
                "seriesKey": {
                  "measurementMethod": "BLSSeasonallyAdjusted",
                  "observationPeriod": "P3M"
                },
                "earliestDate": "1948-03",
                "latestDate": "2021-12",
                "observationCount": 296,
                "timeSeriesCount": 1,
                "placeTypeSummary": {
                  "Country": {
                    "placeCount": 1,
                    "topPlaces": [
                      {
                        "dcid": "country/USA",
                        "name": "United States"
                      }
                    ]
                  }
                },
                "minValue": 2.6,
                "maxValue": 13
              }
            ]
          },
          "dc/lly3yc1": {
            "importName": "BLS_LAUS",
            "observationCount": 2587257,
            "timeSeriesCount": 12707,
            "releaseFrequency": "P1M",
            "seriesSummary": [
              {
                "seriesKey": {
                  "measurementMethod": "BLSSeasonallyAdjusted",
                  "observationPeriod": "P1M"
                },
                "earliestDate": "1976-01",
                "latestDate": "2021-12",
                "observationCount": 29254,
                "timeSeriesCount": 53,
                "placeTypeSummary": {
                  "City": {
                    "placeCount": 1,
                    "topPlaces": [
                      {
                        "dcid": "geoId/3651000",
                        "name": "New York"
                      }
                    ]
                  },
                  "State": {
                    "placeCount": 52,
                    "topPlaces": [
                      {
                        "dcid": "geoId/06",
                        "name": "California"
                      },
                      {
                        "dcid": "geoId/48",
                        "name": "Texas"
                      },
                      {
                        "dcid": "geoId/12",
                        "name": "Florida"
                      }
                    ]
                  }
                },
                "minValue": 1.9,
                "maxValue": 28.5
              },
              {
                "seriesKey": {
                  "measurementMethod": "BLSSeasonallyUnadjusted",
                  "observationPeriod": "P1M"
                },
                "earliestDate": "1976-01",
                "latestDate": "2021-12",
                "observationCount": 2367090,
                "timeSeriesCount": 6327,
                "placeTypeSummary": {
                  "City": {
                    "placeCount": 3055,
                    "topPlaces": [
                      {
                        "dcid": "geoId/3651000",
                        "name": "New York"
                      },
                      {
                        "dcid": "geoId/0644000",
                        "name": "Los Angeles"
                      },
                      {
                        "dcid": "geoId/1714000",
                        "name": "Chicago"
                      }
                    ]
                  },
                  "County": {
                    "placeCount": 3220,
                    "topPlaces": [
                      {
                        "dcid": "geoId/06037",
                        "name": "Los Angeles County"
                      },
                      {
                        "dcid": "geoId/17031",
                        "name": "Cook County"
                      },
                      {
                        "dcid": "geoId/48201",
                        "name": "Harris County"
                      }
                    ]
                  },
                  "State": {
                    "placeCount": 52,
                    "topPlaces": [
                      {
                        "dcid": "geoId/06",
                        "name": "California"
                      },
                      {
                        "dcid": "geoId/48",
                        "name": "Texas"
                      },
                      {
                        "dcid": "geoId/12",
                        "name": "Florida"
                      }
                    ]
                  }
                },
                "maxValue": 100
              },
              {
                "seriesKey": {
                  "measurementMethod": "BLSSeasonallyUnadjusted",
                  "observationPeriod": "P1Y"
                },
                "earliestDate": "1976",
                "latestDate": "2021",
                "observationCount": 190913,
                "timeSeriesCount": 6327,
                "placeTypeSummary": {
                  "City": {
                    "placeCount": 3055,
                    "topPlaces": [
                      {
                        "dcid": "geoId/3651000",
                        "name": "New York"
                      },
                      {
                        "dcid": "geoId/0644000",
                        "name": "Los Angeles"
                      },
                      {
                        "dcid": "geoId/1714000",
                        "name": "Chicago"
                      }
                    ]
                  },
                  "County": {
                    "placeCount": 3220,
                    "topPlaces": [
                      {
                        "dcid": "geoId/06037",
                        "name": "Los Angeles County"
                      },
                      {
                        "dcid": "geoId/17031",
                        "name": "Cook County"
                      },
                      {
                        "dcid": "geoId/48201",
                        "name": "Harris County"
                      }
                    ]
                  },
                  "State": {
                    "placeCount": 52,
                    "topPlaces": [
                      {
                        "dcid": "geoId/06",
                        "name": "California"
                      },
                      {
                        "dcid": "geoId/48",
                        "name": "Texas"
                      },
                      {
                        "dcid": "geoId/12",
                        "name": "Florida"
                      }
                    ]
                  }
                },
                "maxValue": 100
              }
            ]
          },
          "dc/yd4sfb": {
            "importName": "EurostatData",
            "observationCount": 11125,
            "timeSeriesCount": 33,
            "releaseFrequency": "P1Y",
            "seriesSummary": [
              {
                "seriesKey": {
                  "observationPeriod": "P1M"
                },
                "earliestDate": "1983-01",
                "latestDate": "2020-07",
                "observationCount": 11125,
                "timeSeriesCount": 33,
                "placeTypeSummary": {
                  "Country": {
                    "placeCount": 33,
                    "topPlaces": [
                      {
                        "dcid": "country/USA",
                        "name": "United States"
                      },
                      {
                        "dcid": "country/JPN",
                        "name": "Japan"
                      },
                      {
                        "dcid": "country/TUR",
                        "name": "Turkey"
                      }
                    ]
                  }
                },
                "minValue": 1.3,
                "maxValue": 26.3
              }
            ]
          }
        }
      }
    }
  ]
}