{
  "dcids": [
    "country/MNE",
    "geoId/23"
  ]
}