{
  "data": {
    "Amount_EconomicActivity_GrossNationalIncome_PurchasingPowerParity_PerCapita": {
      "stat": {
        "country/FRA": {
          "date": "2010",
          "value": 36760,
          "metaHash": 2171028778
        },
        "country/USA": {
          "date": "2010",
          "value": 48910,
          "metaHash": 2171028778
        },
        "geoId/06": {},
        "geoId/0649670": {}
      }
    },
    "Count_CriminalActivities_CombinedCrime": {
      "stat": {
        "country/FRA": {},
        "country/USA": {
          "date": "2010",
          "value": 10292375,
          "metaHash": 2343540064
        },
        "geoId/06": {
          "date": "2010",
          "value": 1146072,
          "metaHash": 4277990144
        },
        "geoId/0649670": {
          "date": "2010",
          "value": 1633,
          "metaHash": 4277990144
        }
      }
    },
    "Count_Person": {
      "stat": {
        "country/FRA": {
          "date": "2010",
          "value": 64658856,
          "metaHash": 858679853
        },
        "country/USA": {
          "date": "2010",
          "value": 309326085,
          "metaHash": 2517965213
        },
        "geoId/06": {
          "date": "2010",
          "value": 37266600,
          "metaHash": 2517965213
        },
        "geoId/0649670": {
          "date": "2010",
          "value": 74227,
          "metaHash": 2517965213
        }
      }
    }
  },
  "metadata": {
    "858679853": {
      "importName": "EurostatData",
      "provenanceUrl": "https://ec.europa.eu/eurostat/data/database",
      "measurementMethod": "EurostatRegionalPopulationData"
    },
    "2171028778": {
      "importName": "WorldDevelopmentIndicators",
      "provenanceUrl": "https://datacatalog.worldbank.org/dataset/world-development-indicators/",
      "observationPeriod": "P1Y",
      "unit": "InternationalDollar"
    },
    "2343540064": {
      "importName": "FBIGovCrime_AggCountry",
      "provenanceUrl": "http://www.fbi.gov/services/cjis/ucr",
      "observationPeriod": "P1Y"
    },
    "2517965213": {
      "importName": "CensusPEP",
      "provenanceUrl": "https://www.census.gov/programs-surveys/popest.html",
      "measurementMethod": "CensusPEPSurvey"
    },
    "4277990144": {
      "importName": "FBIGovCrime",
      "provenanceUrl": "http://www.fbi.gov/services/cjis/ucr",
      "observationPeriod": "P1Y"
    }
  }
}