{
  "data": {
    "Amount_EconomicActivity_GrossNationalIncome_PurchasingPowerParity_PerCapita": {
      "stat": {
        "country/FRA": {
          "date": "2019",
          "value": 50400,
          "metaHash": 2171028778
        },
        "country/USA": {
          "date": "2019",
          "value": 66060,
          "metaHash": 2171028778
        },
        "geoId/06": {},
        "geoId/0649670": {}
      }
    },
    "Annual_Generation_Electricity": {
      "stat": {
        "country/FRA": {},
        "country/USA": {
          "date": "2020",
          "value": 4009084999080,
          "metaHash": 2392525955
        },
        "geoId/06": {
          "date": "2020",
          "value": 194110262920,
          "metaHash": 2392525955
        },
        "geoId/0649670": {}
      }
    },
    "Count_CriminalActivities_CombinedCrime": {
      "stat": {
        "country/FRA": {},
        "country/USA": {
          "date": "2019",
          "value": 8132863,
          "metaHash": 2343540064
        },
        "geoId/06": {
          "date": "2019",
          "value": 1095445,
          "metaHash": 4277990144
        },
        "geoId/0649670": {
          "date": "2019",
          "value": 2634,
          "metaHash": 4277990144
        }
      }
    },
    "Count_Person": {
      "stat": {
        "country/FRA": {
          "date": "2020",
          "value": 67391582,
          "metaHash": 3981252704
        },
        "country/USA": {
          "date": "2021",
          "value": 331893745,
          "metaHash": 2176550201
        },
        "geoId/06": {
          "date": "2021",
          "value": 39237836,
          "metaHash": 2176550201
        },
        "geoId/0649670": {
          "date": "2021",
          "value": 81516,
          "metaHash": 2176550201
        }
      }
    },
    "Count_Person_Unemployed": {
      "stat": {
        "country/FRA": {},
        "country/USA": {
          "date": "2022-08",
          "value": 6014000,
          "metaHash": 3707913853
        },
        "geoId/06": {
          "date": "2022-08",
          "value": 782707,
          "metaHash": 324358135
        },
        "geoId/0649670": {
          "date": "2022-07",
          "value": 837,
          "metaHash": 324358135
        }
      }
    },
    "CumulativeCount_MedicalConditionIncident_COVID_19_ConfirmedOrProbableCase": {
      "stat": {
        "country/FRA": {},
        "country/USA": {
          "date": "2022-09-19",
          "value": 95514998,
          "metaHash": 2232540893
        },
        "geoId/06": {
          "date": "2022-09-19",
          "value": 11199912,
          "metaHash": 2232540893
        },
        "geoId/0649670": {}
      }
    }
  },
  "metadata": {
    "324358135": {
      "importName": "BLS_LAUS",
      "provenanceUrl": "https://www.bls.gov/lau/",
      "measurementMethod": "BLSSeasonallyUnadjusted",
      "observationPeriod": "P1M"
    },
    "2171028778": {
      "importName": "WorldDevelopmentIndicators",
      "provenanceUrl": "https://datacatalog.worldbank.org/dataset/world-development-indicators/",
      "observationPeriod": "P1Y",
      "unit": "InternationalDollar"
    },
    "2176550201": {
      "importName": "USCensusPEP_Annual_Population",
      "provenanceUrl": "https://www2.census.gov/programs-surveys/popest/tables",
      "measurementMethod": "CensusPEPSurvey",
      "observationPeriod": "P1Y"
    },
    "2232540893": {
      "importName": "NYT_COVID19",
      "provenanceUrl": "https://www.nytimes.com/article/coronavirus-county-data-us.html",
      "measurementMethod": "NYT_COVID19_GitHub"
    },
    "2343540064": {
      "importName": "FBIGovCrime_AggCountry",
      "provenanceUrl": "http://www.fbi.gov/services/cjis/ucr",
      "observationPeriod": "P1Y"
    },
    "2392525955": {
      "importName": "EIA_Electricity",
      "provenanceUrl": "https://www.eia.gov/opendata/qb.php?category=0",
      "unit": "KilowattHour"
    },
    "3707913853": {
      "importName": "BLS_CPS",
      "provenanceUrl": "https://www.bls.gov/cps/",
      "measurementMethod": "BLSSeasonallyAdjusted",
      "observationPeriod": "P1M"
    },
    "3981252704": {
      "importName": "WorldDevelopmentIndicators",
      "provenanceUrl": "https://datacatalog.worldbank.org/dataset/world-development-indicators/",
      "observationPeriod": "P1Y"
    },
    "4277990144": {
      "importName": "FBIGovCrime",
      "provenanceUrl": "http://www.fbi.gov/services/cjis/ucr",
      "observationPeriod": "P1Y"
    }
  }
}