{
  "statVarSummary": {
    "CumulativeCount_MedicalConditionIncident_COVID_19_ConfirmedOrProbableCase": {
      "placeTypeSummary": {
        "City": {
          "placeCount": 3,
          "topPlaces": [
            {
              "dcid": "geoId/3651000",
              "name": "New York"
            },
            {
              "dcid": "geoId/2938000",
              "name": "Kansas City"
            },
            {
              "dcid": "geoId/2937592",
              "name": "Joplin"
            }
          ]
        },
        "Country": {
          "placeCount": 1,
          "topPlaces": [
            {
              "dcid": "country/USA",
              "name": "United States"
            }
          ]
        },
        "County": {
          "placeCount": 3217,
          "topPlaces": [
            {
              "dcid": "geoId/06037",
              "name": "Los Angeles County"
            },
            {
              "dcid": "geoId/17031",
              "name": "Cook County"
            },
            {
              "dcid": "geoId/48201",
              "name": "Harris County"
            }
          ]
        },
        "State": {
          "placeCount": 56,
          "topPlaces": [
            {
              "dcid": "geoId/06",
              "name": "California"
            },
            {
              "dcid": "geoId/48",
              "name": "Texas"
            },
            {
              "dcid": "geoId/12",
              "name": "Florida"
            }
          ]
        }
      },
      "provenanceSummary": {
        "dc/e9k9ze": {
          "importName": "NYT_COVID19",
          "observationCount": 2266362,
          "timeSeriesCount": 3277,
          "releaseFrequency": "P1D",
          "seriesSummary": [
            {
              "seriesKey": {
                "measurementMethod": "NYT_COVID19_GitHub"
              },
              "earliestDate": "2020-01-21",
              "latestDate": "2022-02-23",
              "observationCount": 2266362,
              "timeSeriesCount": 3277,
              "placeTypeSummary": {
                "City": {
                  "placeCount": 3,
                  "topPlaces": [
                    {
                      "dcid": "geoId/3651000",
                      "name": "New York"
                    },
                    {
                      "dcid": "geoId/2938000",
                      "name": "Kansas City"
                    },
                    {
                      "dcid": "geoId/2937592",
                      "name": "Joplin"
                    }
                  ]
                },
                "Country": {
                  "placeCount": 1,
                  "topPlaces": [
                    {
                      "dcid": "country/USA",
                      "name": "United States"
                    }
                  ]
                },
                "County": {
                  "placeCount": 3217,
                  "topPlaces": [
                    {
                      "dcid": "geoId/06037",
                      "name": "Los Angeles County"
                    },
                    {
                      "dcid": "geoId/17031",
                      "name": "Cook County"
                    },
                    {
                      "dcid": "geoId/48201",
                      "name": "Harris County"
                    }
                  ]
                },
                "State": {
                  "placeCount": 56,
                  "topPlaces": [
                    {
                      "dcid": "geoId/06",
                      "name": "California"
                    },
                    {
                      "dcid": "geoId/48",
                      "name": "Texas"
                    },
                    {
                      "dcid": "geoId/12",
                      "name": "Florida"
                    }
                  ]
                }
              },
              "minValue": 1,
              "maxValue": 78641256
            }
          ]
        }
      }
    },
    "IncrementalCount_MedicalConditionIncident_COVID_19_ConfirmedOrProbableCase": {
      "placeTypeSummary": {
        "City": {
          "placeCount": 3,
          "topPlaces": [
            {
              "dcid": "geoId/3651000",
              "name": "New York"
            },
            {
              "dcid": "geoId/2938000",
              "name": "Kansas City"
            },
            {
              "dcid": "geoId/2937592",
              "name": "Joplin"
            }
          ]
        },
        "Country": {
          "placeCount": 1,
          "topPlaces": [
            {
              "dcid": "country/USA",
              "name": "United States"
            }
          ]
        },
        "County": {
          "placeCount": 3217,
          "topPlaces": [
            {
              "dcid": "geoId/06037",
              "name": "Los Angeles County"
            },
            {
              "dcid": "geoId/17031",
              "name": "Cook County"
            },
            {
              "dcid": "geoId/48201",
              "name": "Harris County"
            }
          ]
        },
        "State": {
          "placeCount": 56,
          "topPlaces": [
            {
              "dcid": "geoId/06",
              "name": "California"
            },
            {
              "dcid": "geoId/48",
              "name": "Texas"
            },
            {
              "dcid": "geoId/12",
              "name": "Florida"
            }
          ]
        }
      },
      "provenanceSummary": {
        "dc/e9k9ze": {
          "importName": "NYT_COVID19",
          "observationCount": 2341475,
          "timeSeriesCount": 6554,
          "releaseFrequency": "P1D",
          "seriesSummary": [
            {
              "seriesKey": {
                "measurementMethod": "dcDerivedStat/NYT_COVID19_GitHub"
              },
              "earliestDate": "2020-01-22",
              "latestDate": "2022-02-23",
              "observationCount": 2263077,
              "timeSeriesCount": 3277,
              "placeTypeSummary": {
                "City": {
                  "placeCount": 3,
                  "topPlaces": [
                    {
                      "dcid": "geoId/3651000",
                      "name": "New York"
                    },
                    {
                      "dcid": "geoId/2938000",
                      "name": "Kansas City"
                    },
                    {
                      "dcid": "geoId/2937592",
                      "name": "Joplin"
                    }
                  ]
                },
                "Country": {
                  "placeCount": 1,
                  "topPlaces": [
                    {
                      "dcid": "country/USA",
                      "name": "United States"
                    }
                  ]
                },
                "County": {
                  "placeCount": 3217,
                  "topPlaces": [
                    {
                      "dcid": "geoId/06037",
                      "name": "Los Angeles County"
                    },
                    {
                      "dcid": "geoId/17031",
                      "name": "Cook County"
                    },
                    {
                      "dcid": "geoId/48201",
                      "name": "Harris County"
                    }
                  ]
                },
                "State": {
                  "placeCount": 56,
                  "topPlaces": [
                    {
                      "dcid": "geoId/06",
                      "name": "California"
                    },
                    {
                      "dcid": "geoId/48",
                      "name": "Texas"
                    },
                    {
                      "dcid": "geoId/12",
                      "name": "Florida"
                    }
                  ]
                }
              },
              "minValue": -40527,
              "maxValue": 1433977
            },
            {
              "seriesKey": {
                "measurementMethod": "dcDerivedStat/NYT_COVID19_GitHub",
                "observationPeriod": "P1M"
              },
              "earliestDate": "2020-01",
              "latestDate": "2022-02",
              "observationCount": 78398,
              "timeSeriesCount": 3277,
              "placeTypeSummary": {
                "City": {
                  "placeCount": 3,
                  "topPlaces": [
                    {
                      "dcid": "geoId/3651000",
                      "name": "New York"
                    },
                    {
                      "dcid": "geoId/2938000",
                      "name": "Kansas City"
                    },
                    {
                      "dcid": "geoId/2937592",
                      "name": "Joplin"
                    }
                  ]
                },
                "Country": {
                  "placeCount": 1,
                  "topPlaces": [
                    {
                      "dcid": "country/USA",
                      "name": "United States"
                    }
                  ]
                },
                "County": {
                  "placeCount": 3217,
                  "topPlaces": [
                    {
                      "dcid": "geoId/06037",
                      "name": "Los Angeles County"
                    },
                    {
                      "dcid": "geoId/17031",
                      "name": "Cook County"
                    },
                    {
                      "dcid": "geoId/48201",
                      "name": "Harris County"
                    }
                  ]
                },
                "State": {
                  "placeCount": 56,
                  "topPlaces": [
                    {
                      "dcid": "geoId/06",
                      "name": "California"
                    },
                    {
                      "dcid": "geoId/48",
                      "name": "Texas"
                    },
                    {
                      "dcid": "geoId/12",
                      "name": "Florida"
                    }
                  ]
                }
              },
              "minValue": -3451,
              "maxValue": 20301167
            }
          ]
        }
      }
    }
  }
}