{
  "payload": {
    "Count_Person": {
      "rankAll": {
        "info": [
          {
            "rank": 1,
            "value": 1396530000,
            "placeDcid": "country/CHN"
          },
          {
            "rank": 2,
            "value": 1254020000,
            "placeDcid": "country/IND"
          },
          {
            "rank": 3,
            "value": 328016242,
            "placeDcid": "country/USA"
          },
          {
            "rank": 4,
            "value": 267871000,
            "placeDcid": "country/IDN"
          },
          {
            "rank": 5,
            "value": 220892331,
            "placeDcid": "country/PAK"
          },
          {
            "rank": 6,
            "value": 208495000,
            "placeDcid": "country/BRA"
          },
          {
            "rank": 7,
            "value": 206139587,
            "placeDcid": "country/NGA"
          },
          {
            "rank": 8,
            "value": 164689383,
            "placeDcid": "country/BGD"
          },
          {
            "rank": 9,
            "value": 146675000,
            "placeDcid": "country/RUS"
          },
          {
            "rank": 10,
            "value": 126443000,
            "placeDcid": "country/JPN"
          },
          {
            "rank": 11,
            "value": 125929000,
            "placeDcid": "country/MEX"
          },
          {
            "rank": 12,
            "value": 114963583,
            "placeDcid": "country/ETH"
          },
          {
            "rank": 13,
            "value": 109581085,
            "placeDcid": "country/PHL"
          },
          {
            "rank": 14,
            "value": 102334403,
            "placeDcid": "country/EGY"
          },
          {
            "rank": 15,
            "value": 97338583,
            "placeDcid": "country/VNM"
          },
          {
            "rank": 16,
            "value": 89561404,
            "placeDcid": "country/COD"
          },
          {
            "rank": 17,
            "value": 83992953,
            "placeDcid": "country/IRN"
          },
          {
            "rank": 18,
            "value": 83019200,
            "placeDcid": "country/DEU"
          },
          {
            "rank": 19,
            "value": 82003900,
            "placeDcid": "country/TUR"
          },
          {
            "rank": 20,
            "value": 69799978,
            "placeDcid": "country/THA"
          },
          {
            "rank": 21,
            "value": 66992699,
            "placeDcid": "country/FRA"
          },
          {
            "rank": 22,
            "value": 66647100,
            "placeDcid": "country/GBR"
          },
          {
            "rank": 23,
            "value": 64812052,
            "placeDcid": "country/FXX"
          },
          {
            "rank": 24,
            "value": 60359500,
            "placeDcid": "country/ITA"
          },
          {
            "rank": 25,
            "value": 59734213,
            "placeDcid": "country/TZA"
          },
          {
            "rank": 26,
            "value": 58775000,
            "placeDcid": "country/ZAF"
          },
          {
            "rank": 27,
            "value": 54409794,
            "placeDcid": "country/MMR"
          },
          {
            "rank": 28,
            "value": 53771300,
            "placeDcid": "country/KEN"
          },
          {
            "rank": 29,
            "value": 51811200,
            "placeDcid": "country/KOR"
          },
          {
            "rank": 30,
            "value": 50374500,
            "placeDcid": "country/COL"
          },
          {
            "rank": 31,
            "value": 46722980,
            "placeDcid": "country/ESP"
          },
          {
            "rank": 32,
            "value": 45741000,
            "placeDcid": "country/UGA"
          },
          {
            "rank": 33,
            "value": 45376763,
            "placeDcid": "country/ARG"
          },
          {
            "rank": 34,
            "value": 44134693,
            "placeDcid": "country/UKR"
          },
          {
            "rank": 35,
            "value": 43851043,
            "placeDcid": "country/DZA"
          },
          {
            "rank": 36,
            "value": 43849269,
            "placeDcid": "country/SDN"
          },
          {
            "rank": 37,
            "value": 40222503,
            "placeDcid": "country/IRQ"
          },
          {
            "rank": 38,
            "value": 38928341,
            "placeDcid": "country/AFG"
          },
          {
            "rank": 39,
            "value": 37972800,
            "placeDcid": "country/POL"
          },
          {
            "rank": 40,
            "value": 37589262,
            "placeDcid": "country/CAN"
          },
          {
            "rank": 41,
            "value": 36910558,
            "placeDcid": "country/MAR"
          },
          {
            "rank": 42,
            "value": 34813867,
            "placeDcid": "country/SAU"
          },
          {
            "rank": 43,
            "value": 34232050,
            "placeDcid": "country/UZB"
          },
          {
            "rank": 44,
            "value": 32866268,
            "placeDcid": "country/AGO"
          },
          {
            "rank": 45,
            "value": 32365998,
            "placeDcid": "country/MYS"
          },
          {
            "rank": 46,
            "value": 31826000,
            "placeDcid": "country/PER"
          },
          {
            "rank": 47,
            "value": 31255435,
            "placeDcid": "country/MOZ"
          },
          {
            "rank": 48,
            "value": 31072945,
            "placeDcid": "country/GHA"
          },
          {
            "rank": 49,
            "value": 29825968,
            "placeDcid": "country/YEM"
          },
          {
            "rank": 50,
            "value": 29136808,
            "placeDcid": "country/NPL"
          },
          {
            "rank": 51,
            "value": 28435943,
            "placeDcid": "country/VEN"
          },
          {
            "rank": 52,
            "value": 27691019,
            "placeDcid": "country/MDG"
          },
          {
            "rank": 53,
            "value": 26545864,
            "placeDcid": "country/CMR"
          },
          {
            "rank": 54,
            "value": 26378275,
            "placeDcid": "country/CIV"
          },
          {
            "rank": 55,
            "value": 25778815,
            "placeDcid": "country/PRK"
          },
          {
            "rank": 56,
            "value": 25364300,
            "placeDcid": "country/AUS"
          },
          {
            "rank": 57,
            "value": 24206636,
            "placeDcid": "country/NER"
          },
          {
            "rank": 58,
            "value": 23568378,
            "placeDcid": "country/TWN"
          },
          {
            "rank": 59,
            "value": 21919000,
            "placeDcid": "country/LKA"
          },
          {
            "rank": 60,
            "value": 20903278,
            "placeDcid": "country/BFA"
          },
          {
            "rank": 61,
            "value": 20250834,
            "placeDcid": "country/MLI"
          },
          {
            "rank": 62,
            "value": 19414500,
            "placeDcid": "country/ROU"
          },
          {
            "rank": 63,
            "value": 19129955,
            "placeDcid": "country/MWI"
          },
          {
            "rank": 64,
            "value": 19107200,
            "placeDcid": "country/CHL"
          },
          {
            "rank": 65,
            "value": 18754440,
            "placeDcid": "country/KAZ"
          },
          {
            "rank": 66,
            "value": 18383956,
            "placeDcid": "country/ZMB"
          },
          {
            "rank": 67,
            "value": 17737438,
            "placeDcid": "wikidataId/Q29999"
          },
          {
            "rank": 68,
            "value": 17643060,
            "placeDcid": "country/ECU"
          },
          {
            "rank": 69,
            "value": 17500657,
            "placeDcid": "country/SYR"
          },
          {
            "rank": 70,
            "value": 17282200,
            "placeDcid": "country/NLD"
          },
          {
            "rank": 71,
            "value": 16858333,
            "placeDcid": "country/GTM"
          },
          {
            "rank": 72,
            "value": 16743930,
            "placeDcid": "country/SEN"
          },
          {
            "rank": 73,
            "value": 16718971,
            "placeDcid": "country/KHM"
          },
          {
            "rank": 74,
            "value": 16425859,
            "placeDcid": "country/TCD"
          },
          {
            "rank": 75,
            "value": 15893219,
            "placeDcid": "country/SOM"
          },
          {
            "rank": 76,
            "value": 14862927,
            "placeDcid": "country/ZWE"
          },
          {
            "rank": 77,
            "value": 13132792,
            "placeDcid": "country/GIN"
          },
          {
            "rank": 78,
            "value": 12952209,
            "placeDcid": "country/RWA"
          },
          {
            "rank": 79,
            "value": 12123198,
            "placeDcid": "country/BEN"
          },
          {
            "rank": 80,
            "value": 11890781,
            "placeDcid": "country/BDI"
          },
          {
            "rank": 81,
            "value": 11673029,
            "placeDcid": "country/BOL"
          },
          {
            "rank": 82,
            "value": 11551400,
            "placeDcid": "country/TUN"
          },
          {
            "rank": 83,
            "value": 11455500,
            "placeDcid": "country/BEL"
          },
          {
            "rank": 84,
            "value": 11402533,
            "placeDcid": "country/HTI"
          },
          {
            "rank": 85,
            "value": 11326616,
            "placeDcid": "country/CUB"
          },
          {
            "rank": 86,
            "value": 11193729,
            "placeDcid": "country/SSD"
          },
          {
            "rank": 87,
            "value": 10847904,
            "placeDcid": "country/DOM"
          },
          {
            "rank": 88,
            "value": 10724600,
            "placeDcid": "country/GRC"
          },
          {
            "rank": 89,
            "value": 10649800,
            "placeDcid": "country/CZE"
          },
          {
            "rank": 90,
            "value": 10276600,
            "placeDcid": "country/PRT"
          },
          {
            "rank": 91,
            "value": 10230200,
            "placeDcid": "country/SWE"
          },
          {
            "rank": 92,
            "value": 10203140,
            "placeDcid": "country/JOR"
          },
          {
            "rank": 93,
            "value": 10110116,
            "placeDcid": "country/AZE"
          },
          {
            "rank": 94,
            "value": 9904608,
            "placeDcid": "country/HND"
          },
          {
            "rank": 95,
            "value": 9890400,
            "placeDcid": "country/ARE"
          },
          {
            "rank": 96,
            "value": 9772760,
            "placeDcid": "country/HUN"
          },
          {
            "rank": 97,
            "value": 9537642,
            "placeDcid": "country/TJK"
          },
          {
            "rank": 98,
            "value": 9398861,
            "placeDcid": "country/BLR"
          },
          {
            "rank": 99,
            "value": 8947027,
            "placeDcid": "country/PNG"
          },
          {
            "rank": 100,
            "value": 8858780,
            "placeDcid": "country/AUT"
          },
          {
            "rank": 101,
            "value": 8797900,
            "placeDcid": "country/ISR"
          },
          {
            "rank": 102,
            "value": 8544530,
            "placeDcid": "country/CHE"
          },
          {
            "rank": 103,
            "value": 8278737,
            "placeDcid": "country/TGO"
          },
          {
            "rank": 104,
            "value": 7976985,
            "placeDcid": "country/SLE"
          },
          {
            "rank": 105,
            "value": 7481800,
            "placeDcid": "country/HKG"
          },
          {
            "rank": 106,
            "value": 7275556,
            "placeDcid": "country/LAO"
          },
          {
            "rank": 107,
            "value": 7132530,
            "placeDcid": "country/PRY"
          },
          {
            "rank": 108,
            "value": 7101859,
            "placeDcid": "country/BGR"
          },
          {
            "rank": 109,
            "value": 6908224,
            "placeDcid": "country/SRB"
          },
          {
            "rank": 110,
            "value": 6871287,
            "placeDcid": "country/LBY"
          },
          {
            "rank": 111,
            "value": 6825442,
            "placeDcid": "country/LBN"
          },
          {
            "rank": 112,
            "value": 6624554,
            "placeDcid": "country/NIC"
          },
          {
            "rank": 113,
            "value": 6591600,
            "placeDcid": "country/KGZ"
          },
          {
            "rank": 114,
            "value": 6486201,
            "placeDcid": "country/SLV"
          },
          {
            "rank": 115,
            "value": 6031187,
            "placeDcid": "country/TKM"
          },
          {
            "rank": 116,
            "value": 5749000,
            "placeDcid": "country/DNK"
          },
          {
            "rank": 117,
            "value": 5707251,
            "placeDcid": "wikidataId/Q756617"
          },
          {
            "rank": 118,
            "value": 5685807,
            "placeDcid": "country/SGP"
          },
          {
            "rank": 119,
            "value": 5518092,
            "placeDcid": "country/COG"
          },
          {
            "rank": 120,
            "value": 5503297,
            "placeDcid": "country/FIN"
          },
          {
            "rank": 121,
            "value": 5430798,
            "placeDcid": "country/SVK"
          },
          {
            "rank": 122,
            "value": 5109056,
            "placeDcid": "country/NOR"
          },
          {
            "rank": 123,
            "value": 5106622,
            "placeDcid": "country/OMN"
          },
          {
            "rank": 124,
            "value": 5058000,
            "placeDcid": "country/CRI"
          },
          {
            "rank": 125,
            "value": 5057677,
            "placeDcid": "country/LBR"
          },
          {
            "rank": 126,
            "value": 4917000,
            "placeDcid": "country/NZL"
          },
          {
            "rank": 127,
            "value": 4904240,
            "placeDcid": "country/IRL"
          },
          {
            "rank": 128,
            "value": 4829764,
            "placeDcid": "country/CAF"
          },
          {
            "rank": 129,
            "value": 4803269,
            "placeDcid": "country/PSE"
          },
          {
            "rank": 130,
            "value": 4649660,
            "placeDcid": "country/MRT"
          },
          {
            "rank": 131,
            "value": 4314768,
            "placeDcid": "country/PAN"
          },
          {
            "rank": 132,
            "value": 4270563,
            "placeDcid": "country/KWT"
          },
          {
            "rank": 133,
            "value": 4076250,
            "placeDcid": "country/HRV"
          },
          {
            "rank": 134,
            "value": 3791622,
            "placeDcid": "country/BIH"
          },
          {
            "rank": 135,
            "value": 3714000,
            "placeDcid": "country/GEO"
          },
          {
            "rank": 136,
            "value": 3473727,
            "placeDcid": "country/URY"
          },
          {
            "rank": 137,
            "value": 3278292,
            "placeDcid": "country/MNG"
          },
          {
            "rank": 138,
            "value": 3213969,
            "placeDcid": "country/ERI"
          },
          {
            "rank": 139,
            "value": 3194034,
            "placeDcid": "country/PRI"
          },
          {
            "rank": 140,
            "value": 2963234,
            "placeDcid": "country/ARM"
          },
          {
            "rank": 141,
            "value": 2961161,
            "placeDcid": "country/JAM"
          },
          {
            "rank": 142,
            "value": 2881060,
            "placeDcid": "country/QAT"
          },
          {
            "rank": 143,
            "value": 2837743,
            "placeDcid": "country/ALB"
          },
          {
            "rank": 144,
            "value": 2794180,
            "placeDcid": "country/LTU"
          },
          {
            "rank": 145,
            "value": 2617820,
            "placeDcid": "country/MDA"
          },
          {
            "rank": 146,
            "value": 2540916,
            "placeDcid": "country/NAM"
          },
          {
            "rank": 147,
            "value": 2416664,
            "placeDcid": "country/GMB"
          },
          {
            "rank": 148,
            "value": 2351625,
            "placeDcid": "country/BWA"
          },
          {
            "rank": 149,
            "value": 2225728,
            "placeDcid": "country/GAB"
          },
          {
            "rank": 150,
            "value": 2142252,
            "placeDcid": "country/LSO"
          },
          {
            "rank": 151,
            "value": 2083380,
            "placeDcid": "country/MKD"
          },
          {
            "rank": 152,
            "value": 2080910,
            "placeDcid": "country/SVN"
          },
          {
            "rank": 153,
            "value": 1967998,
            "placeDcid": "country/GNB"
          },
          {
            "rank": 154,
            "value": 1919970,
            "placeDcid": "country/LVA"
          },
          {
            "rank": 155,
            "value": 1873160,
            "placeDcid": "country/XKS"
          },
          {
            "rank": 156,
            "value": 1701583,
            "placeDcid": "country/BHR"
          },
          {
            "rank": 157,
            "value": 1402985,
            "placeDcid": "country/GNQ"
          },
          {
            "rank": 158,
            "value": 1399491,
            "placeDcid": "country/TTO"
          },
          {
            "rank": 159,
            "value": 1324820,
            "placeDcid": "country/EST"
          },
          {
            "rank": 160,
            "value": 1318442,
            "placeDcid": "country/TLS"
          },
          {
            "rank": 161,
            "value": 1265740,
            "placeDcid": "country/MUS"
          },
          {
            "rank": 162,
            "value": 1207361,
            "placeDcid": "country/CYP"
          },
          {
            "rank": 163,
            "value": 1160164,
            "placeDcid": "country/SWZ"
          },
          {
            "rank": 164,
            "value": 988002,
            "placeDcid": "country/DJI"
          },
          {
            "rank": 165,
            "value": 896444,
            "placeDcid": "country/FJI"
          },
          {
            "rank": 166,
            "value": 869595,
            "placeDcid": "country/COM"
          },
          {
            "rank": 167,
            "value": 859959,
            "placeDcid": "country/REU"
          },
          {
            "rank": 168,
            "value": 786559,
            "placeDcid": "country/GUY"
          },
          {
            "rank": 169,
            "value": 771612,
            "placeDcid": "country/BTN"
          },
          {
            "rank": 170,
            "value": 686878,
            "placeDcid": "country/SLB"
          },
          {
            "rank": 171,
            "value": 649342,
            "placeDcid": "country/MAC"
          },
          {
            "rank": 172,
            "value": 621718,
            "placeDcid": "country/MNE"
          },
          {
            "rank": 173,
            "value": 613894,
            "placeDcid": "country/LUX"
          },
          {
            "rank": 174,
            "value": 586634,
            "placeDcid": "country/SUR"
          },
          {
            "rank": 175,
            "value": 582000,
            "placeDcid": "country/ESH"
          },
          {
            "rank": 176,
            "value": 555988,
            "placeDcid": "country/CPV"
          },
          {
            "rank": 177,
            "value": 540542,
            "placeDcid": "country/MDV"
          },
          {
            "rank": 178,
            "value": 502585,
            "placeDcid": "wikidataId/Q40362"
          },
          {
            "rank": 179,
            "value": 493559,
            "placeDcid": "country/MLT"
          },
          {
            "rank": 180,
            "value": 437483,
            "placeDcid": "country/BRN"
          },
          {
            "rank": 181,
            "value": 397621,
            "placeDcid": "country/BLZ"
          },
          {
            "rank": 182,
            "value": 395700,
            "placeDcid": "country/GLP"
          },
          {
            "rank": 183,
            "value": 393248,
            "placeDcid": "country/BHS"
          },
          {
            "rank": 184,
            "value": 376480,
            "placeDcid": "country/MTQ"
          },
          {
            "rank": 185,
            "value": 356991,
            "placeDcid": "country/ISL"
          },
          {
            "rank": 186,
            "value": 326000,
            "placeDcid": "wikidataId/Q23681"
          },
          {
            "rank": 187,
            "value": 307150,
            "placeDcid": "country/VUT"
          },
          {
            "rank": 188,
            "value": 294071,
            "placeDcid": "country/GUF"
          },
          {
            "rank": 189,
            "value": 287371,
            "placeDcid": "country/BRB"
          },
          {
            "rank": 190,
            "value": 280904,
            "placeDcid": "country/PYF"
          },
          {
            "rank": 191,
            "value": 271960,
            "placeDcid": "country/NCL"
          },
          {
            "rank": 192,
            "value": 270372,
            "placeDcid": "country/MYT"
          },
          {
            "rank": 193,
            "value": 242000,
            "placeDcid": "wikidataId/Q31354462"
          },
          {
            "rank": 194,
            "value": 219161,
            "placeDcid": "country/STP"
          },
          {
            "rank": 195,
            "value": 198410,
            "placeDcid": "country/WSM"
          },
          {
            "rank": 196,
            "value": 197041,
            "placeDcid": "country/ANT"
          },
          {
            "rank": 197,
            "value": 183629,
            "placeDcid": "country/LCA"
          },
          {
            "rank": 198,
            "value": 168783,
            "placeDcid": "country/GUM"
          },
          {
            "rank": 199,
            "value": 155014,
            "placeDcid": "country/CUW"
          },
          {
            "rank": 200,
            "value": 150932,
            "placeDcid": "wikidataId/Q244165"
          },
          {
            "rank": 201,
            "value": 119446,
            "placeDcid": "country/KIR"
          },
          {
            "rank": 202,
            "value": 115021,
            "placeDcid": "country/FSM"
          },
          {
            "rank": 203,
            "value": 112519,
            "placeDcid": "country/GRD"
          },
          {
            "rank": 204,
            "value": 110947,
            "placeDcid": "country/VCT"
          },
          {
            "rank": 205,
            "value": 106766,
            "placeDcid": "country/ABW"
          },
          {
            "rank": 206,
            "value": 106290,
            "placeDcid": "country/VIR"
          },
          {
            "rank": 207,
            "value": 105697,
            "placeDcid": "country/TON"
          },
          {
            "rank": 208,
            "value": 105500,
            "placeDcid": "country/JEY"
          },
          {
            "rank": 209,
            "value": 98462,
            "placeDcid": "country/SYC"
          },
          {
            "rank": 210,
            "value": 97928,
            "placeDcid": "country/ATG"
          },
          {
            "rank": 211,
            "value": 85032,
            "placeDcid": "country/IMN"
          },
          {
            "rank": 212,
            "value": 77265,
            "placeDcid": "country/AND"
          },
          {
            "rank": 213,
            "value": 71991,
            "placeDcid": "country/DMA"
          },
          {
            "rank": 214,
            "value": 65720,
            "placeDcid": "country/CYM"
          },
          {
            "rank": 215,
            "value": 63903,
            "placeDcid": "country/BMU"
          },
          {
            "rank": 216,
            "value": 63026,
            "placeDcid": "country/GGY"
          },
          {
            "rank": 217,
            "value": 59194,
            "placeDcid": "country/MHL"
          },
          {
            "rank": 218,
            "value": 57557,
            "placeDcid": "country/MNP"
          },
          {
            "rank": 219,
            "value": 56367,
            "placeDcid": "country/GRL"
          },
          {
            "rank": 220,
            "value": 55197,
            "placeDcid": "country/ASM"
          },
          {
            "rank": 221,
            "value": 53192,
            "placeDcid": "country/KNA"
          },
          {
            "rank": 222,
            "value": 48865,
            "placeDcid": "country/FRO"
          },
          {
            "rank": 223,
            "value": 40812,
            "placeDcid": "country/SXM"
          },
          {
            "rank": 224,
            "value": 39244,
            "placeDcid": "country/MCO"
          },
          {
            "rank": 225,
            "value": 38718,
            "placeDcid": "country/TCA"
          },
          {
            "rank": 226,
            "value": 38659,
            "placeDcid": "country/MAF"
          },
          {
            "rank": 227,
            "value": 38137,
            "placeDcid": "country/LIE"
          },
          {
            "rank": 228,
            "value": 33938,
            "placeDcid": "country/SMR"
          },
          {
            "rank": 229,
            "value": 33691,
            "placeDcid": "country/GIB"
          },
          {
            "rank": 230,
            "value": 30237,
            "placeDcid": "country/VGB"
          },
          {
            "rank": 231,
            "value": 25987,
            "placeDcid": "country/BES"
          },
          {
            "rank": 232,
            "value": 18092,
            "placeDcid": "country/PLW"
          },
          {
            "rank": 233,
            "value": 17459,
            "placeDcid": "country/COK"
          },
          {
            "rank": 234,
            "value": 15094,
            "placeDcid": "country/AIA"
          },
          {
            "rank": 235,
            "value": 12197,
            "placeDcid": "country/WLF"
          },
          {
            "rank": 236,
            "value": 11792,
            "placeDcid": "country/TUV"
          },
          {
            "rank": 237,
            "value": 10834,
            "placeDcid": "country/NRU"
          },
          {
            "rank": 238,
            "value": 9625,
            "placeDcid": "country/BLM"
          },
          {
            "rank": 239,
            "value": 6057,
            "placeDcid": "country/SPM"
          },
          {
            "rank": 240,
            "value": 5215,
            "placeDcid": "country/MSR"
          },
          {
            "rank": 241,
            "value": 4550,
            "placeDcid": "country/FLK"
          },
          {
            "rank": 242,
            "value": 4534,
            "placeDcid": "country/SHN"
          },
          {
            "rank": 243,
            "value": 1843,
            "placeDcid": "country/CXR"
          },
          {
            "rank": 244,
            "value": 1748,
            "placeDcid": "country/NFK"
          },
          {
            "rank": 245,
            "value": 1620,
            "placeDcid": "country/NIU"
          },
          {
            "rank": 246,
            "value": 1499,
            "placeDcid": "country/TKL"
          }
        ]
      }
    }
  }
}